[2026-04-06T17:37:37.324+08:00] Getting interface description
[2026-04-06T17:37:37.324+08:00] Interface description end
[2026-04-06T17:37:37.324+08:00] Uploading test info to server
[2026-04-06T17:37:37.324+08:00] UploadTestInfoToServer end
[2026-04-06T17:37:37.324+08:00] will get size
[2026-04-06T17:37:37.361+08:00] size: 1280x800
[2026-04-06T17:37:37.406+08:00] will get screenshot dimensions
[2026-04-06T17:37:37.440+08:00] Getting interface description
[2026-04-06T17:37:37.440+08:00] Interface description end
[2026-04-06T17:37:37.440+08:00] Uploading test info to server
[2026-04-06T17:37:37.440+08:00] UploadTestInfoToServer end
[2026-04-06T17:37:37.440+08:00] will get size
[2026-04-06T17:37:37.466+08:00] size: 1280x800
[2026-04-06T17:37:37.473+08:00] screenshot dimensions 1280 x 800
[2026-04-06T17:37:37.496+08:00] will get screenshot dimensions
[2026-04-06T17:37:37.474+08:00] calculated dpr: 1
[2026-04-06T17:37:37.474+08:00] shrunkShotToLogicalRatio 1
[2026-04-06T17:37:37.557+08:00] screenshot dimensions 1280 x 800
[2026-04-06T17:37:37.557+08:00] calculated dpr: 1
[2026-04-06T17:37:37.557+08:00] shrunkShotToLogicalRatio 1
[2026-04-06T17:37:37.758+08:00] Getting interface description
[2026-04-06T17:37:37.758+08:00] Interface description end
[2026-04-06T17:37:37.758+08:00] Uploading test info to server
[2026-04-06T17:37:37.758+08:00] UploadTestInfoToServer end
[2026-04-06T17:37:37.758+08:00] will get size
[2026-04-06T17:37:37.778+08:00] size: 1280x800
[2026-04-06T17:37:37.801+08:00] will get screenshot dimensions
[2026-04-06T17:37:37.859+08:00] screenshot dimensions 1280 x 800
[2026-04-06T17:37:37.859+08:00] calculated dpr: 1
[2026-04-06T17:37:37.859+08:00] shrunkShotToLogicalRatio 1
[2026-04-06T17:37:41.911+08:00] Getting interface description
[2026-04-06T17:37:41.911+08:00] Interface description end
[2026-04-06T17:37:41.911+08:00] Uploading test info to server
[2026-04-06T17:37:41.911+08:00] UploadTestInfoToServer end
[2026-04-06T17:37:41.911+08:00] will get size
[2026-04-06T17:37:41.911+08:00] size: 1280x800
[2026-04-06T17:37:41.931+08:00] will get screenshot dimensions
[2026-04-06T17:37:41.952+08:00] screenshot dimensions 1280 x 800
[2026-04-06T17:37:41.952+08:00] calculated dpr: 1
[2026-04-06T17:37:41.952+08:00] shrunkShotToLogicalRatio 1
[2026-04-06T17:37:42.591+08:00] Getting interface description
[2026-04-06T17:37:42.591+08:00] Interface description end
[2026-04-06T17:37:42.591+08:00] Uploading test info to server
[2026-04-06T17:37:42.591+08:00] UploadTestInfoToServer end
[2026-04-06T17:37:42.591+08:00] will get size
[2026-04-06T17:37:42.591+08:00] size: 1280x800
[2026-04-06T17:37:42.613+08:00] will get screenshot dimensions
[2026-04-06T17:37:42.634+08:00] screenshot dimensions 1280 x 800
[2026-04-06T17:37:42.634+08:00] calculated dpr: 1
[2026-04-06T17:37:42.634+08:00] shrunkShotToLogicalRatio 1
[2026-04-06T17:41:16.185+08:00] Getting interface description
[2026-04-06T17:41:16.185+08:00] Interface description end
[2026-04-06T17:41:16.185+08:00] Uploading test info to server
[2026-04-06T17:41:16.186+08:00] UploadTestInfoToServer end
[2026-04-06T17:41:16.186+08:00] will get size
[2026-04-06T17:41:16.203+08:00] size: 1280x800
[2026-04-06T17:41:16.226+08:00] will get screenshot dimensions
[2026-04-06T17:41:16.233+08:00] Getting interface description
[2026-04-06T17:41:16.233+08:00] Interface description end
[2026-04-06T17:41:16.233+08:00] Uploading test info to server
[2026-04-06T17:41:16.233+08:00] UploadTestInfoToServer end
[2026-04-06T17:41:16.233+08:00] will get size
[2026-04-06T17:41:16.248+08:00] size: 1280x800
[2026-04-06T17:41:16.277+08:00] will get screenshot dimensions
[2026-04-06T17:41:16.284+08:00] screenshot dimensions 1280 x 800
[2026-04-06T17:41:16.284+08:00] calculated dpr: 1
[2026-04-06T17:41:16.284+08:00] shrunkShotToLogicalRatio 1
[2026-04-06T17:41:16.335+08:00] screenshot dimensions 1280 x 800
[2026-04-06T17:41:16.336+08:00] calculated dpr: 1
[2026-04-06T17:41:16.336+08:00] shrunkShotToLogicalRatio 1
[2026-04-06T17:41:21.584+08:00] Getting interface description
[2026-04-06T17:41:21.585+08:00] Interface description end
[2026-04-06T17:41:21.585+08:00] Uploading test info to server
[2026-04-06T17:41:21.585+08:00] UploadTestInfoToServer end
[2026-04-06T17:41:21.585+08:00] will get size
[2026-04-06T17:41:21.585+08:00] size: 1280x800
[2026-04-06T17:41:21.604+08:00] will get screenshot dimensions
[2026-04-06T17:41:21.624+08:00] screenshot dimensions 1280 x 800
[2026-04-06T17:41:21.624+08:00] calculated dpr: 1
[2026-04-06T17:41:21.624+08:00] shrunkShotToLogicalRatio 1
[2026-04-06T17:41:22.627+08:00] Getting interface description
[2026-04-06T17:41:22.628+08:00] Interface description end
[2026-04-06T17:41:22.628+08:00] Uploading test info to server
[2026-04-06T17:41:22.628+08:00] UploadTestInfoToServer end
[2026-04-06T17:41:22.628+08:00] will get size
[2026-04-06T17:41:22.628+08:00] size: 1280x800
[2026-04-06T17:41:22.649+08:00] will get screenshot dimensions
[2026-04-06T17:41:22.669+08:00] screenshot dimensions 1280 x 800
[2026-04-06T17:41:22.669+08:00] calculated dpr: 1
[2026-04-06T17:41:22.669+08:00] shrunkShotToLogicalRatio 1
[2026-04-06T17:45:07.400+08:00] Getting interface description
[2026-04-06T17:45:07.400+08:00] Interface description end
[2026-04-06T17:45:07.400+08:00] Uploading test info to server
[2026-04-06T17:45:07.400+08:00] UploadTestInfoToServer end
[2026-04-06T17:45:07.400+08:00] will get size
[2026-04-06T17:45:07.419+08:00] size: 1280x800
[2026-04-06T17:45:07.449+08:00] will get screenshot dimensions
[2026-04-06T17:45:07.439+08:00] Getting interface description
[2026-04-06T17:45:07.439+08:00] Interface description end
[2026-04-06T17:45:07.439+08:00] Uploading test info to server
[2026-04-06T17:45:07.439+08:00] UploadTestInfoToServer end
[2026-04-06T17:45:07.439+08:00] will get size
[2026-04-06T17:45:07.456+08:00] size: 1280x800
[2026-04-06T17:45:07.492+08:00] will get screenshot dimensions
[2026-04-06T17:45:07.520+08:00] screenshot dimensions 1280 x 800
[2026-04-06T17:45:07.561+08:00] screenshot dimensions 1280 x 800
[2026-04-06T17:45:07.520+08:00] calculated dpr: 1
[2026-04-06T17:45:07.520+08:00] shrunkShotToLogicalRatio 1
[2026-04-06T17:45:07.561+08:00] calculated dpr: 1
[2026-04-06T17:45:07.561+08:00] shrunkShotToLogicalRatio 1
[2026-04-06T17:45:11.985+08:00] Getting interface description
[2026-04-06T17:45:11.985+08:00] Interface description end
[2026-04-06T17:45:11.985+08:00] Uploading test info to server
[2026-04-06T17:45:11.985+08:00] UploadTestInfoToServer end
[2026-04-06T17:45:11.985+08:00] will get size
[2026-04-06T17:45:11.985+08:00] size: 1280x800
[2026-04-06T17:45:12.006+08:00] will get screenshot dimensions
[2026-04-06T17:45:12.026+08:00] screenshot dimensions 1280 x 800
[2026-04-06T17:45:12.026+08:00] calculated dpr: 1
[2026-04-06T17:45:12.026+08:00] shrunkShotToLogicalRatio 1
[2026-04-06T17:45:12.103+08:00] Getting interface description
[2026-04-06T17:45:12.103+08:00] Interface description end
[2026-04-06T17:45:12.103+08:00] Uploading test info to server
[2026-04-06T17:45:12.103+08:00] UploadTestInfoToServer end
[2026-04-06T17:45:12.103+08:00] will get size
[2026-04-06T17:45:12.103+08:00] size: 1280x800
[2026-04-06T17:45:12.124+08:00] will get screenshot dimensions
[2026-04-06T17:45:12.143+08:00] screenshot dimensions 1280 x 800
[2026-04-06T17:45:12.143+08:00] calculated dpr: 1
[2026-04-06T17:45:12.143+08:00] shrunkShotToLogicalRatio 1
[2026-04-06T17:49:44.899+08:00] Getting interface description
[2026-04-06T17:49:44.900+08:00] Interface description end
[2026-04-06T17:49:44.900+08:00] Uploading test info to server
[2026-04-06T17:49:44.900+08:00] UploadTestInfoToServer end
[2026-04-06T17:49:44.900+08:00] will get size
[2026-04-06T17:49:44.916+08:00] size: 1280x800
[2026-04-06T17:49:44.938+08:00] will get screenshot dimensions
[2026-04-06T17:49:44.993+08:00] screenshot dimensions 1280 x 800
[2026-04-06T17:49:44.979+08:00] Getting interface description
[2026-04-06T17:49:44.979+08:00] Interface description end
[2026-04-06T17:49:44.979+08:00] Uploading test info to server
[2026-04-06T17:49:44.979+08:00] UploadTestInfoToServer end
[2026-04-06T17:49:44.979+08:00] will get size
[2026-04-06T17:49:44.999+08:00] size: 1280x800
[2026-04-06T17:49:45.024+08:00] will get screenshot dimensions
[2026-04-06T17:49:44.993+08:00] calculated dpr: 1
[2026-04-06T17:49:44.993+08:00] shrunkShotToLogicalRatio 1
[2026-04-06T17:49:45.080+08:00] screenshot dimensions 1280 x 800
[2026-04-06T17:49:45.080+08:00] calculated dpr: 1
[2026-04-06T17:49:45.080+08:00] shrunkShotToLogicalRatio 1
[2026-04-06T17:49:49.156+08:00] Getting interface description
[2026-04-06T17:49:49.156+08:00] Interface description end
[2026-04-06T17:49:49.156+08:00] Uploading test info to server
[2026-04-06T17:49:49.156+08:00] UploadTestInfoToServer end
[2026-04-06T17:49:49.156+08:00] will get size
[2026-04-06T17:49:49.156+08:00] size: 1280x800
[2026-04-06T17:49:49.181+08:00] will get screenshot dimensions
[2026-04-06T17:49:49.202+08:00] screenshot dimensions 1280 x 800
[2026-04-06T17:49:49.202+08:00] calculated dpr: 1
[2026-04-06T17:49:49.202+08:00] shrunkShotToLogicalRatio 1
[2026-04-06T17:49:51.969+08:00] Getting interface description
[2026-04-06T17:49:51.969+08:00] Interface description end
[2026-04-06T17:49:51.969+08:00] Uploading test info to server
[2026-04-06T17:49:51.969+08:00] UploadTestInfoToServer end
[2026-04-06T17:49:51.969+08:00] will get size
[2026-04-06T17:49:51.969+08:00] size: 1280x800
[2026-04-06T17:49:51.989+08:00] will get screenshot dimensions
[2026-04-06T17:49:52.009+08:00] screenshot dimensions 1280 x 800
[2026-04-06T17:49:52.009+08:00] calculated dpr: 1
[2026-04-06T17:49:52.009+08:00] shrunkShotToLogicalRatio 1
[2026-04-06T17:54:27.145+08:00] Getting interface description
[2026-04-06T17:54:27.145+08:00] Interface description end
[2026-04-06T17:54:27.145+08:00] Uploading test info to server
[2026-04-06T17:54:27.145+08:00] UploadTestInfoToServer end
[2026-04-06T17:54:27.145+08:00] will get size
[2026-04-06T17:54:27.159+08:00] size: 1280x800
[2026-04-06T17:54:27.188+08:00] will get screenshot dimensions
[2026-04-06T17:54:27.241+08:00] screenshot dimensions 1280 x 800
[2026-04-06T17:54:27.241+08:00] calculated dpr: 1
[2026-04-06T17:54:27.241+08:00] shrunkShotToLogicalRatio 1
[2026-04-06T17:54:27.302+08:00] Getting interface description
[2026-04-06T17:54:27.302+08:00] Interface description end
[2026-04-06T17:54:27.302+08:00] Uploading test info to server
[2026-04-06T17:54:27.302+08:00] UploadTestInfoToServer end
[2026-04-06T17:54:27.302+08:00] will get size
[2026-04-06T17:54:27.317+08:00] size: 1280x800
[2026-04-06T17:54:27.344+08:00] will get screenshot dimensions
[2026-04-06T17:54:27.397+08:00] screenshot dimensions 1280 x 800
[2026-04-06T17:54:27.397+08:00] calculated dpr: 1
[2026-04-06T17:54:27.397+08:00] shrunkShotToLogicalRatio 1
[2026-04-06T17:54:32.287+08:00] Getting interface description
[2026-04-06T17:54:32.287+08:00] Interface description end
[2026-04-06T17:54:32.287+08:00] Uploading test info to server
[2026-04-06T17:54:32.287+08:00] UploadTestInfoToServer end
[2026-04-06T17:54:32.287+08:00] will get size
[2026-04-06T17:54:32.287+08:00] size: 1280x800
[2026-04-06T17:54:32.306+08:00] will get screenshot dimensions
[2026-04-06T17:54:32.326+08:00] screenshot dimensions 1280 x 800
[2026-04-06T17:54:32.326+08:00] calculated dpr: 1
[2026-04-06T17:54:32.326+08:00] shrunkShotToLogicalRatio 1
[2026-04-06T17:54:34.151+08:00] Getting interface description
[2026-04-06T17:54:34.151+08:00] Interface description end
[2026-04-06T17:54:34.151+08:00] Uploading test info to server
[2026-04-06T17:54:34.151+08:00] UploadTestInfoToServer end
[2026-04-06T17:54:34.151+08:00] will get size
[2026-04-06T17:54:34.152+08:00] size: 1280x800
[2026-04-06T17:54:34.171+08:00] will get screenshot dimensions
[2026-04-06T17:54:34.191+08:00] screenshot dimensions 1280 x 800
[2026-04-06T17:54:34.191+08:00] calculated dpr: 1
[2026-04-06T17:54:34.191+08:00] shrunkShotToLogicalRatio 1
[2026-04-06T18:01:19.572+08:00] Getting interface description
[2026-04-06T18:01:19.572+08:00] Interface description end
[2026-04-06T18:01:19.572+08:00] Uploading test info to server
[2026-04-06T18:01:19.572+08:00] UploadTestInfoToServer end
[2026-04-06T18:01:19.572+08:00] will get size
[2026-04-06T18:01:19.570+08:00] Getting interface description
[2026-04-06T18:01:19.570+08:00] Interface description end
[2026-04-06T18:01:19.570+08:00] Uploading test info to server
[2026-04-06T18:01:19.570+08:00] UploadTestInfoToServer end
[2026-04-06T18:01:19.570+08:00] will get size
[2026-04-06T18:01:19.587+08:00] size: 1280x800
[2026-04-06T18:01:19.586+08:00] size: 1280x800
[2026-04-06T18:01:19.623+08:00] will get screenshot dimensions
[2026-04-06T18:01:19.624+08:00] will get screenshot dimensions
[2026-04-06T18:01:19.682+08:00] screenshot dimensions 1280 x 800
[2026-04-06T18:01:19.684+08:00] screenshot dimensions 1280 x 800
[2026-04-06T18:01:19.682+08:00] calculated dpr: 1
[2026-04-06T18:01:19.682+08:00] shrunkShotToLogicalRatio 1
[2026-04-06T18:01:19.684+08:00] calculated dpr: 1
[2026-04-06T18:01:19.684+08:00] shrunkShotToLogicalRatio 1
[2026-04-06T18:01:26.813+08:00] Getting interface description
[2026-04-06T18:01:26.813+08:00] Interface description end
[2026-04-06T18:01:26.813+08:00] Uploading test info to server
[2026-04-06T18:01:26.813+08:00] UploadTestInfoToServer end
[2026-04-06T18:01:26.813+08:00] will get size
[2026-04-06T18:01:26.813+08:00] size: 1280x800
[2026-04-06T18:01:26.837+08:00] will get screenshot dimensions
[2026-04-06T18:01:26.857+08:00] screenshot dimensions 1280 x 800
[2026-04-06T18:01:26.857+08:00] calculated dpr: 1
[2026-04-06T18:01:26.857+08:00] shrunkShotToLogicalRatio 1
[2026-04-06T18:01:27.444+08:00] Getting interface description
[2026-04-06T18:01:27.444+08:00] Interface description end
[2026-04-06T18:01:27.444+08:00] Uploading test info to server
[2026-04-06T18:01:27.444+08:00] UploadTestInfoToServer end
[2026-04-06T18:01:27.444+08:00] will get size
[2026-04-06T18:01:27.444+08:00] size: 1280x800
[2026-04-06T18:01:27.474+08:00] will get screenshot dimensions
[2026-04-06T18:01:27.500+08:00] screenshot dimensions 1280 x 800
[2026-04-06T18:01:27.500+08:00] calculated dpr: 1
[2026-04-06T18:01:27.500+08:00] shrunkShotToLogicalRatio 1
[2026-04-06T18:14:23.226+08:00] Getting interface description
[2026-04-06T18:14:23.227+08:00] Interface description end
[2026-04-06T18:14:23.227+08:00] Uploading test info to server
[2026-04-06T18:14:23.227+08:00] UploadTestInfoToServer end
[2026-04-06T18:14:23.227+08:00] will get size
[2026-04-06T18:14:23.246+08:00] size: 1280x800
[2026-04-06T18:14:23.276+08:00] will get screenshot dimensions
[2026-04-06T18:14:23.274+08:00] Getting interface description
[2026-04-06T18:14:23.274+08:00] Interface description end
[2026-04-06T18:14:23.274+08:00] Uploading test info to server
[2026-04-06T18:14:23.274+08:00] UploadTestInfoToServer end
[2026-04-06T18:14:23.274+08:00] will get size
[2026-04-06T18:14:23.300+08:00] size: 1280x800
[2026-04-06T18:14:23.333+08:00] will get screenshot dimensions
[2026-04-06T18:14:23.344+08:00] screenshot dimensions 1280 x 800
[2026-04-06T18:14:23.393+08:00] screenshot dimensions 1280 x 800
[2026-04-06T18:14:23.344+08:00] calculated dpr: 1
[2026-04-06T18:14:23.344+08:00] shrunkShotToLogicalRatio 1
[2026-04-06T18:14:23.393+08:00] calculated dpr: 1
[2026-04-06T18:14:23.393+08:00] shrunkShotToLogicalRatio 1
[2026-04-06T18:14:28.928+08:00] Getting interface description
[2026-04-06T18:14:28.928+08:00] Interface description end
[2026-04-06T18:14:28.928+08:00] Uploading test info to server
[2026-04-06T18:14:28.928+08:00] UploadTestInfoToServer end
[2026-04-06T18:14:28.928+08:00] will get size
[2026-04-06T18:14:28.928+08:00] size: 1280x800
[2026-04-06T18:14:28.954+08:00] will get screenshot dimensions
[2026-04-06T18:14:28.974+08:00] screenshot dimensions 1280 x 800
[2026-04-06T18:14:28.974+08:00] calculated dpr: 1
[2026-04-06T18:14:28.974+08:00] shrunkShotToLogicalRatio 1
[2026-04-06T18:14:29.460+08:00] Getting interface description
[2026-04-06T18:14:29.460+08:00] Interface description end
[2026-04-06T18:14:29.460+08:00] Uploading test info to server
[2026-04-06T18:14:29.460+08:00] UploadTestInfoToServer end
[2026-04-06T18:14:29.460+08:00] will get size
[2026-04-06T18:14:29.460+08:00] size: 1280x800
[2026-04-06T18:14:29.493+08:00] will get screenshot dimensions
[2026-04-06T18:14:29.513+08:00] screenshot dimensions 1280 x 800
[2026-04-06T18:14:29.513+08:00] calculated dpr: 1
[2026-04-06T18:14:29.513+08:00] shrunkShotToLogicalRatio 1
[2026-04-06T18:15:53.787+08:00] Getting interface description
[2026-04-06T18:15:53.787+08:00] Interface description end
[2026-04-06T18:15:53.787+08:00] Uploading test info to server
[2026-04-06T18:15:53.787+08:00] UploadTestInfoToServer end
[2026-04-06T18:15:53.787+08:00] will get size
[2026-04-06T18:15:53.807+08:00] size: 1280x800
[2026-04-06T18:15:53.840+08:00] will get screenshot dimensions
[2026-04-06T18:15:53.901+08:00] screenshot dimensions 1280 x 800
[2026-04-06T18:15:53.912+08:00] Getting interface description
[2026-04-06T18:15:53.912+08:00] Interface description end
[2026-04-06T18:15:53.912+08:00] Uploading test info to server
[2026-04-06T18:15:53.912+08:00] UploadTestInfoToServer end
[2026-04-06T18:15:53.912+08:00] will get size
[2026-04-06T18:15:53.931+08:00] size: 1280x800
[2026-04-06T18:15:53.901+08:00] calculated dpr: 1
[2026-04-06T18:15:53.901+08:00] shrunkShotToLogicalRatio 1
[2026-04-06T18:15:53.960+08:00] will get screenshot dimensions
[2026-04-06T18:15:54.020+08:00] screenshot dimensions 1280 x 800
[2026-04-06T18:15:54.020+08:00] calculated dpr: 1
[2026-04-06T18:15:54.020+08:00] shrunkShotToLogicalRatio 1
[2026-04-06T18:15:59.927+08:00] Getting interface description
[2026-04-06T18:15:59.928+08:00] Interface description end
[2026-04-06T18:15:59.928+08:00] Uploading test info to server
[2026-04-06T18:15:59.928+08:00] UploadTestInfoToServer end
[2026-04-06T18:15:59.928+08:00] will get size
[2026-04-06T18:15:59.928+08:00] size: 1280x800
[2026-04-06T18:15:59.952+08:00] will get screenshot dimensions
[2026-04-06T18:15:59.971+08:00] screenshot dimensions 1280 x 800
[2026-04-06T18:15:59.972+08:00] calculated dpr: 1
[2026-04-06T18:15:59.972+08:00] shrunkShotToLogicalRatio 1
[2026-04-06T18:16:01.258+08:00] Getting interface description
[2026-04-06T18:16:01.258+08:00] Interface description end
[2026-04-06T18:16:01.258+08:00] Uploading test info to server
[2026-04-06T18:16:01.258+08:00] UploadTestInfoToServer end
[2026-04-06T18:16:01.258+08:00] will get size
[2026-04-06T18:16:01.258+08:00] size: 1280x800
[2026-04-06T18:16:01.283+08:00] will get screenshot dimensions
[2026-04-06T18:16:01.303+08:00] screenshot dimensions 1280 x 800
[2026-04-06T18:16:01.303+08:00] calculated dpr: 1
[2026-04-06T18:16:01.303+08:00] shrunkShotToLogicalRatio 1
[2026-04-06T18:26:01.514+08:00] Getting interface description
[2026-04-06T18:26:01.514+08:00] Interface description end
[2026-04-06T18:26:01.514+08:00] Uploading test info to server
[2026-04-06T18:26:01.514+08:00] UploadTestInfoToServer end
[2026-04-06T18:26:01.514+08:00] will get size
[2026-04-06T18:26:01.535+08:00] size: 1280x800
[2026-04-06T18:26:01.566+08:00] will get screenshot dimensions
[2026-04-06T18:26:01.548+08:00] Getting interface description
[2026-04-06T18:26:01.548+08:00] Interface description end
[2026-04-06T18:26:01.548+08:00] Uploading test info to server
[2026-04-06T18:26:01.549+08:00] UploadTestInfoToServer end
[2026-04-06T18:26:01.549+08:00] will get size
[2026-04-06T18:26:01.574+08:00] size: 1280x800
[2026-04-06T18:26:01.613+08:00] will get screenshot dimensions
[2026-04-06T18:26:01.625+08:00] screenshot dimensions 1280 x 800
[2026-04-06T18:26:01.670+08:00] screenshot dimensions 1280 x 800
[2026-04-06T18:26:01.625+08:00] calculated dpr: 1
[2026-04-06T18:26:01.625+08:00] shrunkShotToLogicalRatio 1
[2026-04-06T18:26:01.670+08:00] calculated dpr: 1
[2026-04-06T18:26:01.670+08:00] shrunkShotToLogicalRatio 1
[2026-04-06T18:26:06.363+08:00] Getting interface description
[2026-04-06T18:26:06.363+08:00] Interface description end
[2026-04-06T18:26:06.363+08:00] Uploading test info to server
[2026-04-06T18:26:06.363+08:00] UploadTestInfoToServer end
[2026-04-06T18:26:06.363+08:00] will get size
[2026-04-06T18:26:06.363+08:00] size: 1280x800
[2026-04-06T18:26:06.383+08:00] will get screenshot dimensions
[2026-04-06T18:26:06.403+08:00] screenshot dimensions 1280 x 800
[2026-04-06T18:26:06.403+08:00] calculated dpr: 1
[2026-04-06T18:26:06.403+08:00] shrunkShotToLogicalRatio 1
[2026-04-06T18:26:10.882+08:00] Getting interface description
[2026-04-06T18:26:10.882+08:00] Interface description end
[2026-04-06T18:26:10.882+08:00] Uploading test info to server
[2026-04-06T18:26:10.882+08:00] UploadTestInfoToServer end
[2026-04-06T18:26:10.882+08:00] will get size
[2026-04-06T18:26:10.882+08:00] size: 1280x800
[2026-04-06T18:26:10.903+08:00] will get screenshot dimensions
[2026-04-06T18:26:10.923+08:00] screenshot dimensions 1280 x 800
[2026-04-06T18:26:10.923+08:00] calculated dpr: 1
[2026-04-06T18:26:10.923+08:00] shrunkShotToLogicalRatio 1
[2026-04-06T18:29:12.875+08:00] Getting interface description
[2026-04-06T18:29:12.875+08:00] Interface description end
[2026-04-06T18:29:12.875+08:00] Uploading test info to server
[2026-04-06T18:29:12.875+08:00] UploadTestInfoToServer end
[2026-04-06T18:29:12.875+08:00] will get size
[2026-04-06T18:29:12.894+08:00] size: 1280x800
[2026-04-06T18:29:12.903+08:00] Getting interface description
[2026-04-06T18:29:12.903+08:00] Interface description end
[2026-04-06T18:29:12.903+08:00] Uploading test info to server
[2026-04-06T18:29:12.903+08:00] UploadTestInfoToServer end
[2026-04-06T18:29:12.903+08:00] will get size
[2026-04-06T18:29:12.922+08:00] will get screenshot dimensions
[2026-04-06T18:29:12.923+08:00] size: 1280x800
[2026-04-06T18:29:12.947+08:00] will get screenshot dimensions
[2026-04-06T18:29:12.985+08:00] screenshot dimensions 1280 x 800
[2026-04-06T18:29:13.014+08:00] screenshot dimensions 1280 x 800
[2026-04-06T18:29:12.986+08:00] calculated dpr: 1
[2026-04-06T18:29:12.986+08:00] shrunkShotToLogicalRatio 1
[2026-04-06T18:29:13.014+08:00] calculated dpr: 1
[2026-04-06T18:29:13.014+08:00] shrunkShotToLogicalRatio 1
[2026-04-06T18:29:17.430+08:00] Getting interface description
[2026-04-06T18:29:17.430+08:00] Interface description end
[2026-04-06T18:29:17.430+08:00] Uploading test info to server
[2026-04-06T18:29:17.430+08:00] UploadTestInfoToServer end
[2026-04-06T18:29:17.430+08:00] will get size
[2026-04-06T18:29:17.430+08:00] size: 1280x800
[2026-04-06T18:29:17.451+08:00] will get screenshot dimensions
[2026-04-06T18:29:17.471+08:00] screenshot dimensions 1280 x 800
[2026-04-06T18:29:17.471+08:00] calculated dpr: 1
[2026-04-06T18:29:17.471+08:00] shrunkShotToLogicalRatio 1
[2026-04-06T18:29:21.121+08:00] Getting interface description
[2026-04-06T18:29:21.121+08:00] Interface description end
[2026-04-06T18:29:21.121+08:00] Uploading test info to server
[2026-04-06T18:29:21.121+08:00] UploadTestInfoToServer end
[2026-04-06T18:29:21.121+08:00] will get size
[2026-04-06T18:29:21.121+08:00] size: 1280x800
[2026-04-06T18:29:21.142+08:00] will get screenshot dimensions
[2026-04-06T18:29:21.162+08:00] screenshot dimensions 1280 x 800
[2026-04-06T18:29:21.162+08:00] calculated dpr: 1
[2026-04-06T18:29:21.162+08:00] shrunkShotToLogicalRatio 1
[2026-04-06T18:34:15.102+08:00] Getting interface description
[2026-04-06T18:34:15.102+08:00] Interface description end
[2026-04-06T18:34:15.102+08:00] Uploading test info to server
[2026-04-06T18:34:15.102+08:00] UploadTestInfoToServer end
[2026-04-06T18:34:15.102+08:00] will get size
[2026-04-06T18:34:15.122+08:00] size: 1280x800
[2026-04-06T18:34:15.145+08:00] will get screenshot dimensions
[2026-04-06T18:34:15.205+08:00] screenshot dimensions 1280 x 800
[2026-04-06T18:34:15.205+08:00] calculated dpr: 1
[2026-04-06T18:34:15.205+08:00] shrunkShotToLogicalRatio 1
[2026-04-06T18:34:15.565+08:00] Getting interface description
[2026-04-06T18:34:15.565+08:00] Interface description end
[2026-04-06T18:34:15.565+08:00] Uploading test info to server
[2026-04-06T18:34:15.565+08:00] UploadTestInfoToServer end
[2026-04-06T18:34:15.565+08:00] will get size
[2026-04-06T18:34:15.584+08:00] size: 1280x800
[2026-04-06T18:34:15.609+08:00] will get screenshot dimensions
[2026-04-06T18:34:15.664+08:00] screenshot dimensions 1280 x 800
[2026-04-06T18:34:15.664+08:00] calculated dpr: 1
[2026-04-06T18:34:15.664+08:00] shrunkShotToLogicalRatio 1
[2026-04-06T18:34:19.103+08:00] Getting interface description
[2026-04-06T18:34:19.103+08:00] Interface description end
[2026-04-06T18:34:19.103+08:00] Uploading test info to server
[2026-04-06T18:34:19.103+08:00] UploadTestInfoToServer end
[2026-04-06T18:34:19.103+08:00] will get size
[2026-04-06T18:34:19.103+08:00] size: 1280x800
[2026-04-06T18:34:19.124+08:00] will get screenshot dimensions
[2026-04-06T18:34:19.144+08:00] screenshot dimensions 1280 x 800
[2026-04-06T18:34:19.144+08:00] calculated dpr: 1
[2026-04-06T18:34:19.144+08:00] shrunkShotToLogicalRatio 1
[2026-04-06T18:34:20.715+08:00] Getting interface description
[2026-04-06T18:34:20.715+08:00] Interface description end
[2026-04-06T18:34:20.715+08:00] Uploading test info to server
[2026-04-06T18:34:20.715+08:00] UploadTestInfoToServer end
[2026-04-06T18:34:20.715+08:00] will get size
[2026-04-06T18:34:20.715+08:00] size: 1280x800
[2026-04-06T18:34:20.741+08:00] will get screenshot dimensions
[2026-04-06T18:34:20.761+08:00] screenshot dimensions 1280 x 800
[2026-04-06T18:34:20.761+08:00] calculated dpr: 1
[2026-04-06T18:34:20.761+08:00] shrunkShotToLogicalRatio 1
