[2026-04-06T17:37:36.873+08:00] waitForNetworkIdle timeout: 500
[2026-04-06T17:37:36.997+08:00] page closed
[2026-04-06T17:37:36.992+08:00] waitForNetworkIdle timeout: 500
[2026-04-06T17:37:37.314+08:00] Dump with screenshots serialized to: C:\Users\褚涸辙\AppData\Local\Temp\midscene-dump-37b610bec64c138c63be-ec2e19b60559876c5830-bd46f7ee-cbb6-44df-8336-a1108cc4f10d.json
[2026-04-06T17:37:37.324+08:00] waitForNetworkIdle timeout: 500
[2026-04-06T17:37:37.318+08:00] Dump with screenshots serialized to: C:\Users\褚涸辙\AppData\Local\Temp\midscene-dump-37b610bec64c138c63be-ec2e19b60559876c5830-bd46f7ee-cbb6-44df-8336-a1108cc4f10d.json
[2026-04-06T17:37:37.323+08:00] Dump with screenshots serialized to: C:\Users\褚涸辙\AppData\Local\Temp\midscene-dump-37b610bec64c138c63be-ec2e19b60559876c5830-bd46f7ee-cbb6-44df-8336-a1108cc4f10d.json
[2026-04-06T17:37:37.424+08:00] Dump with screenshots serialized to: C:\Users\褚涸辙\AppData\Local\Temp\midscene-dump-37b610bec64c138c63be-e102374207df8e268fa5-fcb446e0-3d04-49d5-b316-74f346f564ae.json
[2026-04-06T17:37:37.431+08:00] Dump with screenshots serialized to: C:\Users\褚涸辙\AppData\Local\Temp\midscene-dump-37b610bec64c138c63be-e102374207df8e268fa5-fcb446e0-3d04-49d5-b316-74f346f564ae.json
[2026-04-06T17:37:37.438+08:00] Dump with screenshots serialized to: C:\Users\褚涸辙\AppData\Local\Temp\midscene-dump-37b610bec64c138c63be-e102374207df8e268fa5-fcb446e0-3d04-49d5-b316-74f346f564ae.json
[2026-04-06T17:37:37.750+08:00] Dump with screenshots serialized to: C:\Users\褚涸辙\AppData\Local\Temp\midscene-dump-852d2ff9c4320f80b981-a323fe67cad802a12d80-6a2688b6-2aa3-49f5-846a-89174dcf7898.json
[2026-04-06T17:37:37.754+08:00] Dump with screenshots serialized to: C:\Users\褚涸辙\AppData\Local\Temp\midscene-dump-852d2ff9c4320f80b981-a323fe67cad802a12d80-6a2688b6-2aa3-49f5-846a-89174dcf7898.json
[2026-04-06T17:37:37.757+08:00] Dump with screenshots serialized to: C:\Users\褚涸辙\AppData\Local\Temp\midscene-dump-852d2ff9c4320f80b981-a323fe67cad802a12d80-6a2688b6-2aa3-49f5-846a-89174dcf7898.json
[2026-04-06T17:37:41.958+08:00] Dump with screenshots serialized to: C:\Users\褚涸辙\AppData\Local\Temp\midscene-dump-37b610bec64c138c63be-ec2e19b60559876c5830-bd46f7ee-cbb6-44df-8336-a1108cc4f10d.json
[2026-04-06T17:37:41.965+08:00] Dump with screenshots serialized to: C:\Users\褚涸辙\AppData\Local\Temp\midscene-dump-37b610bec64c138c63be-ec2e19b60559876c5830-bd46f7ee-cbb6-44df-8336-a1108cc4f10d.json
[2026-04-06T17:37:41.974+08:00] page closed
[2026-04-06T17:37:42.641+08:00] Dump with screenshots serialized to: C:\Users\褚涸辙\AppData\Local\Temp\midscene-dump-37b610bec64c138c63be-e102374207df8e268fa5-fcb446e0-3d04-49d5-b316-74f346f564ae.json
[2026-04-06T17:37:42.649+08:00] Dump with screenshots serialized to: C:\Users\褚涸辙\AppData\Local\Temp\midscene-dump-37b610bec64c138c63be-e102374207df8e268fa5-fcb446e0-3d04-49d5-b316-74f346f564ae.json
[2026-04-06T17:37:42.658+08:00] page closed
[2026-04-06T17:37:42.768+08:00] Dump with screenshots serialized to: C:\Users\褚涸辙\AppData\Local\Temp\midscene-dump-852d2ff9c4320f80b981-a323fe67cad802a12d80-6a2688b6-2aa3-49f5-846a-89174dcf7898.json
[2026-04-06T17:37:42.774+08:00] Dump with screenshots serialized to: C:\Users\褚涸辙\AppData\Local\Temp\midscene-dump-852d2ff9c4320f80b981-a323fe67cad802a12d80-6a2688b6-2aa3-49f5-846a-89174dcf7898.json
[2026-04-06T17:37:42.802+08:00] page closed
[2026-04-06T17:41:15.763+08:00] waitForNetworkIdle timeout: 500
[2026-04-06T17:41:15.792+08:00] waitForNetworkIdle timeout: 500
[2026-04-06T17:41:16.177+08:00] Dump with screenshots serialized to: C:\Users\褚涸辙\AppData\Local\Temp\midscene-dump-37b610bec64c138c63be-ec2e19b60559876c5830-de28f000-ca97-4c9b-8b92-f0f46c5d1e57.json
[2026-04-06T17:41:16.181+08:00] Dump with screenshots serialized to: C:\Users\褚涸辙\AppData\Local\Temp\midscene-dump-37b610bec64c138c63be-ec2e19b60559876c5830-de28f000-ca97-4c9b-8b92-f0f46c5d1e57.json
[2026-04-06T17:41:16.184+08:00] Dump with screenshots serialized to: C:\Users\褚涸辙\AppData\Local\Temp\midscene-dump-37b610bec64c138c63be-ec2e19b60559876c5830-de28f000-ca97-4c9b-8b92-f0f46c5d1e57.json
[2026-04-06T17:41:16.224+08:00] Dump with screenshots serialized to: C:\Users\褚涸辙\AppData\Local\Temp\midscene-dump-37b610bec64c138c63be-e102374207df8e268fa5-865ff806-e97e-4d6c-bec9-041d1fc9bbc2.json
[2026-04-06T17:41:16.228+08:00] Dump with screenshots serialized to: C:\Users\褚涸辙\AppData\Local\Temp\midscene-dump-37b610bec64c138c63be-e102374207df8e268fa5-865ff806-e97e-4d6c-bec9-041d1fc9bbc2.json
[2026-04-06T17:41:16.232+08:00] Dump with screenshots serialized to: C:\Users\褚涸辙\AppData\Local\Temp\midscene-dump-37b610bec64c138c63be-e102374207df8e268fa5-865ff806-e97e-4d6c-bec9-041d1fc9bbc2.json
[2026-04-06T17:41:21.631+08:00] Dump with screenshots serialized to: C:\Users\褚涸辙\AppData\Local\Temp\midscene-dump-37b610bec64c138c63be-e102374207df8e268fa5-865ff806-e97e-4d6c-bec9-041d1fc9bbc2.json
[2026-04-06T17:41:21.637+08:00] Dump with screenshots serialized to: C:\Users\褚涸辙\AppData\Local\Temp\midscene-dump-37b610bec64c138c63be-e102374207df8e268fa5-865ff806-e97e-4d6c-bec9-041d1fc9bbc2.json
[2026-04-06T17:41:21.647+08:00] page closed
[2026-04-06T17:41:22.676+08:00] Dump with screenshots serialized to: C:\Users\褚涸辙\AppData\Local\Temp\midscene-dump-37b610bec64c138c63be-ec2e19b60559876c5830-de28f000-ca97-4c9b-8b92-f0f46c5d1e57.json
[2026-04-06T17:41:22.683+08:00] Dump with screenshots serialized to: C:\Users\褚涸辙\AppData\Local\Temp\midscene-dump-37b610bec64c138c63be-ec2e19b60559876c5830-de28f000-ca97-4c9b-8b92-f0f46c5d1e57.json
[2026-04-06T17:41:22.693+08:00] page closed
[2026-04-06T17:41:40.404+08:00] page closed
[2026-04-06T17:41:40.407+08:00] page closed
[2026-04-06T17:45:06.951+08:00] waitForNetworkIdle timeout: 500
[2026-04-06T17:45:06.987+08:00] waitForNetworkIdle timeout: 500
[2026-04-06T17:45:07.387+08:00] Dump with screenshots serialized to: C:\Users\褚涸辙\AppData\Local\Temp\midscene-dump-37b610bec64c138c63be-e102374207df8e268fa5-c6afbbcd-0337-4d78-87d2-f7c25ede9724.json
[2026-04-06T17:45:07.394+08:00] Dump with screenshots serialized to: C:\Users\褚涸辙\AppData\Local\Temp\midscene-dump-37b610bec64c138c63be-e102374207df8e268fa5-c6afbbcd-0337-4d78-87d2-f7c25ede9724.json
[2026-04-06T17:45:07.399+08:00] Dump with screenshots serialized to: C:\Users\褚涸辙\AppData\Local\Temp\midscene-dump-37b610bec64c138c63be-e102374207df8e268fa5-c6afbbcd-0337-4d78-87d2-f7c25ede9724.json
[2026-04-06T17:45:07.425+08:00] Dump with screenshots serialized to: C:\Users\褚涸辙\AppData\Local\Temp\midscene-dump-37b610bec64c138c63be-ec2e19b60559876c5830-2ff13a04-2f22-4c12-9d85-d9a1ba1e8777.json
[2026-04-06T17:45:07.432+08:00] Dump with screenshots serialized to: C:\Users\褚涸辙\AppData\Local\Temp\midscene-dump-37b610bec64c138c63be-ec2e19b60559876c5830-2ff13a04-2f22-4c12-9d85-d9a1ba1e8777.json
[2026-04-06T17:45:07.437+08:00] Dump with screenshots serialized to: C:\Users\褚涸辙\AppData\Local\Temp\midscene-dump-37b610bec64c138c63be-ec2e19b60559876c5830-2ff13a04-2f22-4c12-9d85-d9a1ba1e8777.json
[2026-04-06T17:45:12.042+08:00] Dump with screenshots serialized to: C:\Users\褚涸辙\AppData\Local\Temp\midscene-dump-37b610bec64c138c63be-ec2e19b60559876c5830-2ff13a04-2f22-4c12-9d85-d9a1ba1e8777.json
[2026-04-06T17:45:12.049+08:00] Dump with screenshots serialized to: C:\Users\褚涸辙\AppData\Local\Temp\midscene-dump-37b610bec64c138c63be-ec2e19b60559876c5830-2ff13a04-2f22-4c12-9d85-d9a1ba1e8777.json
[2026-04-06T17:45:12.057+08:00] page closed
[2026-04-06T17:45:12.151+08:00] Dump with screenshots serialized to: C:\Users\褚涸辙\AppData\Local\Temp\midscene-dump-37b610bec64c138c63be-e102374207df8e268fa5-c6afbbcd-0337-4d78-87d2-f7c25ede9724.json
[2026-04-06T17:45:12.159+08:00] Dump with screenshots serialized to: C:\Users\褚涸辙\AppData\Local\Temp\midscene-dump-37b610bec64c138c63be-e102374207df8e268fa5-c6afbbcd-0337-4d78-87d2-f7c25ede9724.json
[2026-04-06T17:45:12.170+08:00] page closed
[2026-04-06T17:46:27.378+08:00] page closed
[2026-04-06T17:46:27.380+08:00] page closed
[2026-04-06T17:49:44.457+08:00] waitForNetworkIdle timeout: 500
[2026-04-06T17:49:44.537+08:00] waitForNetworkIdle timeout: 500
[2026-04-06T17:49:44.890+08:00] Dump with screenshots serialized to: C:\Users\褚涸辙\AppData\Local\Temp\midscene-dump-37b610bec64c138c63be-e102374207df8e268fa5-24436236-795d-4379-846f-ec1e4f925894.json
[2026-04-06T17:49:44.895+08:00] Dump with screenshots serialized to: C:\Users\褚涸辙\AppData\Local\Temp\midscene-dump-37b610bec64c138c63be-e102374207df8e268fa5-24436236-795d-4379-846f-ec1e4f925894.json
[2026-04-06T17:49:44.899+08:00] Dump with screenshots serialized to: C:\Users\褚涸辙\AppData\Local\Temp\midscene-dump-37b610bec64c138c63be-e102374207df8e268fa5-24436236-795d-4379-846f-ec1e4f925894.json
[2026-04-06T17:49:44.968+08:00] Dump with screenshots serialized to: C:\Users\褚涸辙\AppData\Local\Temp\midscene-dump-37b610bec64c138c63be-ec2e19b60559876c5830-bc15b2d8-cb24-497d-926c-cb8ab896fd25.json
[2026-04-06T17:49:44.973+08:00] Dump with screenshots serialized to: C:\Users\褚涸辙\AppData\Local\Temp\midscene-dump-37b610bec64c138c63be-ec2e19b60559876c5830-bc15b2d8-cb24-497d-926c-cb8ab896fd25.json
[2026-04-06T17:49:44.978+08:00] Dump with screenshots serialized to: C:\Users\褚涸辙\AppData\Local\Temp\midscene-dump-37b610bec64c138c63be-ec2e19b60559876c5830-bc15b2d8-cb24-497d-926c-cb8ab896fd25.json
[2026-04-06T17:49:49.219+08:00] Dump with screenshots serialized to: C:\Users\褚涸辙\AppData\Local\Temp\midscene-dump-37b610bec64c138c63be-e102374207df8e268fa5-24436236-795d-4379-846f-ec1e4f925894.json
[2026-04-06T17:49:49.228+08:00] Dump with screenshots serialized to: C:\Users\褚涸辙\AppData\Local\Temp\midscene-dump-37b610bec64c138c63be-e102374207df8e268fa5-24436236-795d-4379-846f-ec1e4f925894.json
[2026-04-06T17:49:49.237+08:00] page closed
[2026-04-06T17:49:52.027+08:00] Dump with screenshots serialized to: C:\Users\褚涸辙\AppData\Local\Temp\midscene-dump-37b610bec64c138c63be-ec2e19b60559876c5830-bc15b2d8-cb24-497d-926c-cb8ab896fd25.json
[2026-04-06T17:49:52.036+08:00] Dump with screenshots serialized to: C:\Users\褚涸辙\AppData\Local\Temp\midscene-dump-37b610bec64c138c63be-ec2e19b60559876c5830-bc15b2d8-cb24-497d-926c-cb8ab896fd25.json
[2026-04-06T17:49:52.044+08:00] page closed
[2026-04-06T17:51:00.015+08:00] page closed
[2026-04-06T17:51:00.014+08:00] page closed
[2026-04-06T17:54:26.708+08:00] waitForNetworkIdle timeout: 500
[2026-04-06T17:54:26.842+08:00] waitForNetworkIdle timeout: 500
[2026-04-06T17:54:27.135+08:00] Dump with screenshots serialized to: C:\Users\褚涸辙\AppData\Local\Temp\midscene-dump-37b610bec64c138c63be-e102374207df8e268fa5-9b20cd7b-3262-4336-8889-9ec48069d913.json
[2026-04-06T17:54:27.141+08:00] Dump with screenshots serialized to: C:\Users\褚涸辙\AppData\Local\Temp\midscene-dump-37b610bec64c138c63be-e102374207df8e268fa5-9b20cd7b-3262-4336-8889-9ec48069d913.json
[2026-04-06T17:54:27.144+08:00] Dump with screenshots serialized to: C:\Users\褚涸辙\AppData\Local\Temp\midscene-dump-37b610bec64c138c63be-e102374207df8e268fa5-9b20cd7b-3262-4336-8889-9ec48069d913.json
[2026-04-06T17:54:27.288+08:00] Dump with screenshots serialized to: C:\Users\褚涸辙\AppData\Local\Temp\midscene-dump-37b610bec64c138c63be-ec2e19b60559876c5830-34cc410a-c8e4-4d91-b076-27cbc62a08c5.json
[2026-04-06T17:54:27.295+08:00] Dump with screenshots serialized to: C:\Users\褚涸辙\AppData\Local\Temp\midscene-dump-37b610bec64c138c63be-ec2e19b60559876c5830-34cc410a-c8e4-4d91-b076-27cbc62a08c5.json
[2026-04-06T17:54:27.300+08:00] Dump with screenshots serialized to: C:\Users\褚涸辙\AppData\Local\Temp\midscene-dump-37b610bec64c138c63be-ec2e19b60559876c5830-34cc410a-c8e4-4d91-b076-27cbc62a08c5.json
[2026-04-06T17:54:32.332+08:00] Dump with screenshots serialized to: C:\Users\褚涸辙\AppData\Local\Temp\midscene-dump-37b610bec64c138c63be-ec2e19b60559876c5830-34cc410a-c8e4-4d91-b076-27cbc62a08c5.json
[2026-04-06T17:54:32.339+08:00] Dump with screenshots serialized to: C:\Users\褚涸辙\AppData\Local\Temp\midscene-dump-37b610bec64c138c63be-ec2e19b60559876c5830-34cc410a-c8e4-4d91-b076-27cbc62a08c5.json
[2026-04-06T17:54:32.347+08:00] page closed
[2026-04-06T17:54:34.197+08:00] Dump with screenshots serialized to: C:\Users\褚涸辙\AppData\Local\Temp\midscene-dump-37b610bec64c138c63be-e102374207df8e268fa5-9b20cd7b-3262-4336-8889-9ec48069d913.json
[2026-04-06T17:54:34.204+08:00] Dump with screenshots serialized to: C:\Users\褚涸辙\AppData\Local\Temp\midscene-dump-37b610bec64c138c63be-e102374207df8e268fa5-9b20cd7b-3262-4336-8889-9ec48069d913.json
[2026-04-06T17:54:34.212+08:00] page closed
[2026-04-06T17:57:48.509+08:00] page closed
[2026-04-06T18:01:19.127+08:00] waitForNetworkIdle timeout: 500
[2026-04-06T18:01:19.128+08:00] waitForNetworkIdle timeout: 500
[2026-04-06T18:01:19.560+08:00] Dump with screenshots serialized to: C:\Users\褚涸辙\AppData\Local\Temp\midscene-dump-37b610bec64c138c63be-e102374207df8e268fa5-f946944c-15cb-435c-bcfe-cfb20cdab60e.json
[2026-04-06T18:01:19.562+08:00] Dump with screenshots serialized to: C:\Users\褚涸辙\AppData\Local\Temp\midscene-dump-37b610bec64c138c63be-ec2e19b60559876c5830-f96a5709-2ea0-42de-b97f-9e730d6a0a6a.json
[2026-04-06T18:01:19.566+08:00] Dump with screenshots serialized to: C:\Users\褚涸辙\AppData\Local\Temp\midscene-dump-37b610bec64c138c63be-ec2e19b60559876c5830-f96a5709-2ea0-42de-b97f-9e730d6a0a6a.json
[2026-04-06T18:01:19.571+08:00] Dump with screenshots serialized to: C:\Users\褚涸辙\AppData\Local\Temp\midscene-dump-37b610bec64c138c63be-ec2e19b60559876c5830-f96a5709-2ea0-42de-b97f-9e730d6a0a6a.json
[2026-04-06T18:01:19.565+08:00] Dump with screenshots serialized to: C:\Users\褚涸辙\AppData\Local\Temp\midscene-dump-37b610bec64c138c63be-e102374207df8e268fa5-f946944c-15cb-435c-bcfe-cfb20cdab60e.json
[2026-04-06T18:01:19.569+08:00] Dump with screenshots serialized to: C:\Users\褚涸辙\AppData\Local\Temp\midscene-dump-37b610bec64c138c63be-e102374207df8e268fa5-f946944c-15cb-435c-bcfe-cfb20cdab60e.json
[2026-04-06T18:01:26.865+08:00] Dump with screenshots serialized to: C:\Users\褚涸辙\AppData\Local\Temp\midscene-dump-37b610bec64c138c63be-ec2e19b60559876c5830-f96a5709-2ea0-42de-b97f-9e730d6a0a6a.json
[2026-04-06T18:01:26.871+08:00] Dump with screenshots serialized to: C:\Users\褚涸辙\AppData\Local\Temp\midscene-dump-37b610bec64c138c63be-ec2e19b60559876c5830-f96a5709-2ea0-42de-b97f-9e730d6a0a6a.json
[2026-04-06T18:01:26.880+08:00] page closed
[2026-04-06T18:01:27.508+08:00] Dump with screenshots serialized to: C:\Users\褚涸辙\AppData\Local\Temp\midscene-dump-37b610bec64c138c63be-e102374207df8e268fa5-f946944c-15cb-435c-bcfe-cfb20cdab60e.json
[2026-04-06T18:01:27.516+08:00] Dump with screenshots serialized to: C:\Users\褚涸辙\AppData\Local\Temp\midscene-dump-37b610bec64c138c63be-e102374207df8e268fa5-f946944c-15cb-435c-bcfe-cfb20cdab60e.json
[2026-04-06T18:01:27.531+08:00] page closed
[2026-04-06T18:14:22.810+08:00] waitForNetworkIdle timeout: 500
[2026-04-06T18:14:22.825+08:00] waitForNetworkIdle timeout: 500
[2026-04-06T18:14:23.218+08:00] Dump with screenshots serialized to: C:\Users\褚涸辙\AppData\Local\Temp\midscene-dump-37b610bec64c138c63be-e102374207df8e268fa5-3d675eec-1690-41da-99b6-6d79ebcd8e50.json
[2026-04-06T18:14:23.222+08:00] Dump with screenshots serialized to: C:\Users\褚涸辙\AppData\Local\Temp\midscene-dump-37b610bec64c138c63be-e102374207df8e268fa5-3d675eec-1690-41da-99b6-6d79ebcd8e50.json
[2026-04-06T18:14:23.225+08:00] Dump with screenshots serialized to: C:\Users\褚涸辙\AppData\Local\Temp\midscene-dump-37b610bec64c138c63be-e102374207df8e268fa5-3d675eec-1690-41da-99b6-6d79ebcd8e50.json
[2026-04-06T18:14:23.264+08:00] Dump with screenshots serialized to: C:\Users\褚涸辙\AppData\Local\Temp\midscene-dump-37b610bec64c138c63be-ec2e19b60559876c5830-cc5d66d2-c2b2-423f-a27f-4e7fa9bfcadd.json
[2026-04-06T18:14:23.269+08:00] Dump with screenshots serialized to: C:\Users\褚涸辙\AppData\Local\Temp\midscene-dump-37b610bec64c138c63be-ec2e19b60559876c5830-cc5d66d2-c2b2-423f-a27f-4e7fa9bfcadd.json
[2026-04-06T18:14:23.273+08:00] Dump with screenshots serialized to: C:\Users\褚涸辙\AppData\Local\Temp\midscene-dump-37b610bec64c138c63be-ec2e19b60559876c5830-cc5d66d2-c2b2-423f-a27f-4e7fa9bfcadd.json
[2026-04-06T18:14:28.981+08:00] Dump with screenshots serialized to: C:\Users\褚涸辙\AppData\Local\Temp\midscene-dump-37b610bec64c138c63be-ec2e19b60559876c5830-cc5d66d2-c2b2-423f-a27f-4e7fa9bfcadd.json
[2026-04-06T18:14:28.988+08:00] Dump with screenshots serialized to: C:\Users\褚涸辙\AppData\Local\Temp\midscene-dump-37b610bec64c138c63be-ec2e19b60559876c5830-cc5d66d2-c2b2-423f-a27f-4e7fa9bfcadd.json
[2026-04-06T18:14:28.996+08:00] page closed
[2026-04-06T18:14:29.530+08:00] Dump with screenshots serialized to: C:\Users\褚涸辙\AppData\Local\Temp\midscene-dump-37b610bec64c138c63be-e102374207df8e268fa5-3d675eec-1690-41da-99b6-6d79ebcd8e50.json
[2026-04-06T18:14:29.538+08:00] Dump with screenshots serialized to: C:\Users\褚涸辙\AppData\Local\Temp\midscene-dump-37b610bec64c138c63be-e102374207df8e268fa5-3d675eec-1690-41da-99b6-6d79ebcd8e50.json
[2026-04-06T18:14:29.546+08:00] page closed
[2026-04-06T18:15:53.362+08:00] waitForNetworkIdle timeout: 500
[2026-04-06T18:15:53.453+08:00] waitForNetworkIdle timeout: 500
[2026-04-06T18:15:53.777+08:00] Dump with screenshots serialized to: C:\Users\褚涸辙\AppData\Local\Temp\midscene-dump-37b610bec64c138c63be-e102374207df8e268fa5-1b3c7597-611e-44fc-99c1-da7a6efb2e99.json
[2026-04-06T18:15:53.782+08:00] Dump with screenshots serialized to: C:\Users\褚涸辙\AppData\Local\Temp\midscene-dump-37b610bec64c138c63be-e102374207df8e268fa5-1b3c7597-611e-44fc-99c1-da7a6efb2e99.json
[2026-04-06T18:15:53.786+08:00] Dump with screenshots serialized to: C:\Users\褚涸辙\AppData\Local\Temp\midscene-dump-37b610bec64c138c63be-e102374207df8e268fa5-1b3c7597-611e-44fc-99c1-da7a6efb2e99.json
[2026-04-06T18:15:53.903+08:00] Dump with screenshots serialized to: C:\Users\褚涸辙\AppData\Local\Temp\midscene-dump-37b610bec64c138c63be-ec2e19b60559876c5830-e7c5c6c3-abab-4864-9e1c-7922f3062581.json
[2026-04-06T18:15:53.908+08:00] Dump with screenshots serialized to: C:\Users\褚涸辙\AppData\Local\Temp\midscene-dump-37b610bec64c138c63be-ec2e19b60559876c5830-e7c5c6c3-abab-4864-9e1c-7922f3062581.json
[2026-04-06T18:15:53.911+08:00] Dump with screenshots serialized to: C:\Users\褚涸辙\AppData\Local\Temp\midscene-dump-37b610bec64c138c63be-ec2e19b60559876c5830-e7c5c6c3-abab-4864-9e1c-7922f3062581.json
[2026-04-06T18:15:59.988+08:00] Dump with screenshots serialized to: C:\Users\褚涸辙\AppData\Local\Temp\midscene-dump-37b610bec64c138c63be-e102374207df8e268fa5-1b3c7597-611e-44fc-99c1-da7a6efb2e99.json
[2026-04-06T18:15:59.995+08:00] Dump with screenshots serialized to: C:\Users\褚涸辙\AppData\Local\Temp\midscene-dump-37b610bec64c138c63be-e102374207df8e268fa5-1b3c7597-611e-44fc-99c1-da7a6efb2e99.json
[2026-04-06T18:16:00.003+08:00] page closed
[2026-04-06T18:16:01.309+08:00] Dump with screenshots serialized to: C:\Users\褚涸辙\AppData\Local\Temp\midscene-dump-37b610bec64c138c63be-ec2e19b60559876c5830-e7c5c6c3-abab-4864-9e1c-7922f3062581.json
[2026-04-06T18:16:01.316+08:00] Dump with screenshots serialized to: C:\Users\褚涸辙\AppData\Local\Temp\midscene-dump-37b610bec64c138c63be-ec2e19b60559876c5830-e7c5c6c3-abab-4864-9e1c-7922f3062581.json
[2026-04-06T18:16:01.325+08:00] page closed
[2026-04-06T18:26:01.082+08:00] waitForNetworkIdle timeout: 500
[2026-04-06T18:26:01.118+08:00] waitForNetworkIdle timeout: 500
[2026-04-06T18:26:01.503+08:00] Dump with screenshots serialized to: C:\Users\褚涸辙\AppData\Local\Temp\midscene-dump-37b610bec64c138c63be-e102374207df8e268fa5-ff3a38af-c4f1-44eb-af77-605104a0a990.json
[2026-04-06T18:26:01.508+08:00] Dump with screenshots serialized to: C:\Users\褚涸辙\AppData\Local\Temp\midscene-dump-37b610bec64c138c63be-e102374207df8e268fa5-ff3a38af-c4f1-44eb-af77-605104a0a990.json
[2026-04-06T18:26:01.513+08:00] Dump with screenshots serialized to: C:\Users\褚涸辙\AppData\Local\Temp\midscene-dump-37b610bec64c138c63be-e102374207df8e268fa5-ff3a38af-c4f1-44eb-af77-605104a0a990.json
[2026-04-06T18:26:01.536+08:00] Dump with screenshots serialized to: C:\Users\褚涸辙\AppData\Local\Temp\midscene-dump-37b610bec64c138c63be-ec2e19b60559876c5830-e8e2f3b9-ad2c-421b-80ac-1def12aa8e5f.json
[2026-04-06T18:26:01.542+08:00] Dump with screenshots serialized to: C:\Users\褚涸辙\AppData\Local\Temp\midscene-dump-37b610bec64c138c63be-ec2e19b60559876c5830-e8e2f3b9-ad2c-421b-80ac-1def12aa8e5f.json
[2026-04-06T18:26:01.547+08:00] Dump with screenshots serialized to: C:\Users\褚涸辙\AppData\Local\Temp\midscene-dump-37b610bec64c138c63be-ec2e19b60559876c5830-e8e2f3b9-ad2c-421b-80ac-1def12aa8e5f.json
[2026-04-06T18:26:06.420+08:00] Dump with screenshots serialized to: C:\Users\褚涸辙\AppData\Local\Temp\midscene-dump-37b610bec64c138c63be-ec2e19b60559876c5830-e8e2f3b9-ad2c-421b-80ac-1def12aa8e5f.json
[2026-04-06T18:26:06.427+08:00] Dump with screenshots serialized to: C:\Users\褚涸辙\AppData\Local\Temp\midscene-dump-37b610bec64c138c63be-ec2e19b60559876c5830-e8e2f3b9-ad2c-421b-80ac-1def12aa8e5f.json
[2026-04-06T18:26:06.435+08:00] page closed
[2026-04-06T18:26:10.939+08:00] Dump with screenshots serialized to: C:\Users\褚涸辙\AppData\Local\Temp\midscene-dump-37b610bec64c138c63be-e102374207df8e268fa5-ff3a38af-c4f1-44eb-af77-605104a0a990.json
[2026-04-06T18:26:10.946+08:00] Dump with screenshots serialized to: C:\Users\褚涸辙\AppData\Local\Temp\midscene-dump-37b610bec64c138c63be-e102374207df8e268fa5-ff3a38af-c4f1-44eb-af77-605104a0a990.json
[2026-04-06T18:26:10.956+08:00] page closed
[2026-04-06T18:29:12.461+08:00] waitForNetworkIdle timeout: 500
[2026-04-06T18:29:12.484+08:00] waitForNetworkIdle timeout: 500
[2026-04-06T18:29:12.863+08:00] Dump with screenshots serialized to: C:\Users\褚涸辙\AppData\Local\Temp\midscene-dump-37b610bec64c138c63be-e102374207df8e268fa5-60d133b0-7675-426e-a907-ccff92d40dcc.json
[2026-04-06T18:29:12.893+08:00] Dump with screenshots serialized to: C:\Users\褚涸辙\AppData\Local\Temp\midscene-dump-37b610bec64c138c63be-ec2e19b60559876c5830-6727dcf5-d691-4683-8a64-d0a8dad584e8.json
[2026-04-06T18:29:12.868+08:00] Dump with screenshots serialized to: C:\Users\褚涸辙\AppData\Local\Temp\midscene-dump-37b610bec64c138c63be-e102374207df8e268fa5-60d133b0-7675-426e-a907-ccff92d40dcc.json
[2026-04-06T18:29:12.874+08:00] Dump with screenshots serialized to: C:\Users\褚涸辙\AppData\Local\Temp\midscene-dump-37b610bec64c138c63be-e102374207df8e268fa5-60d133b0-7675-426e-a907-ccff92d40dcc.json
[2026-04-06T18:29:12.897+08:00] Dump with screenshots serialized to: C:\Users\褚涸辙\AppData\Local\Temp\midscene-dump-37b610bec64c138c63be-ec2e19b60559876c5830-6727dcf5-d691-4683-8a64-d0a8dad584e8.json
[2026-04-06T18:29:12.902+08:00] Dump with screenshots serialized to: C:\Users\褚涸辙\AppData\Local\Temp\midscene-dump-37b610bec64c138c63be-ec2e19b60559876c5830-6727dcf5-d691-4683-8a64-d0a8dad584e8.json
[2026-04-06T18:29:17.478+08:00] Dump with screenshots serialized to: C:\Users\褚涸辙\AppData\Local\Temp\midscene-dump-37b610bec64c138c63be-e102374207df8e268fa5-60d133b0-7675-426e-a907-ccff92d40dcc.json
[2026-04-06T18:29:17.485+08:00] Dump with screenshots serialized to: C:\Users\褚涸辙\AppData\Local\Temp\midscene-dump-37b610bec64c138c63be-e102374207df8e268fa5-60d133b0-7675-426e-a907-ccff92d40dcc.json
[2026-04-06T18:29:17.493+08:00] page closed
[2026-04-06T18:29:21.180+08:00] Dump with screenshots serialized to: C:\Users\褚涸辙\AppData\Local\Temp\midscene-dump-37b610bec64c138c63be-ec2e19b60559876c5830-6727dcf5-d691-4683-8a64-d0a8dad584e8.json
[2026-04-06T18:29:21.187+08:00] Dump with screenshots serialized to: C:\Users\褚涸辙\AppData\Local\Temp\midscene-dump-37b610bec64c138c63be-ec2e19b60559876c5830-6727dcf5-d691-4683-8a64-d0a8dad584e8.json
[2026-04-06T18:29:21.196+08:00] page closed
[2026-04-06T18:34:14.658+08:00] waitForNetworkIdle timeout: 500
[2026-04-06T18:34:15.090+08:00] Dump with screenshots serialized to: C:\Users\褚涸辙\AppData\Local\Temp\midscene-dump-37b610bec64c138c63be-e102374207df8e268fa5-616115e9-e608-46cc-a4e8-f0c2523fbad3.json
[2026-04-06T18:34:15.095+08:00] Dump with screenshots serialized to: C:\Users\褚涸辙\AppData\Local\Temp\midscene-dump-37b610bec64c138c63be-e102374207df8e268fa5-616115e9-e608-46cc-a4e8-f0c2523fbad3.json
[2026-04-06T18:34:15.100+08:00] Dump with screenshots serialized to: C:\Users\褚涸辙\AppData\Local\Temp\midscene-dump-37b610bec64c138c63be-e102374207df8e268fa5-616115e9-e608-46cc-a4e8-f0c2523fbad3.json
[2026-04-06T18:34:15.127+08:00] waitForNetworkIdle timeout: 500
[2026-04-06T18:34:15.556+08:00] Dump with screenshots serialized to: C:\Users\褚涸辙\AppData\Local\Temp\midscene-dump-37b610bec64c138c63be-ec2e19b60559876c5830-c41aed20-53da-4c61-944c-0850ad58b290.json
[2026-04-06T18:34:15.560+08:00] Dump with screenshots serialized to: C:\Users\褚涸辙\AppData\Local\Temp\midscene-dump-37b610bec64c138c63be-ec2e19b60559876c5830-c41aed20-53da-4c61-944c-0850ad58b290.json
[2026-04-06T18:34:15.564+08:00] Dump with screenshots serialized to: C:\Users\褚涸辙\AppData\Local\Temp\midscene-dump-37b610bec64c138c63be-ec2e19b60559876c5830-c41aed20-53da-4c61-944c-0850ad58b290.json
[2026-04-06T18:34:19.151+08:00] Dump with screenshots serialized to: C:\Users\褚涸辙\AppData\Local\Temp\midscene-dump-37b610bec64c138c63be-e102374207df8e268fa5-616115e9-e608-46cc-a4e8-f0c2523fbad3.json
[2026-04-06T18:34:19.158+08:00] Dump with screenshots serialized to: C:\Users\褚涸辙\AppData\Local\Temp\midscene-dump-37b610bec64c138c63be-e102374207df8e268fa5-616115e9-e608-46cc-a4e8-f0c2523fbad3.json
[2026-04-06T18:34:19.166+08:00] page closed
[2026-04-06T18:34:20.767+08:00] Dump with screenshots serialized to: C:\Users\褚涸辙\AppData\Local\Temp\midscene-dump-37b610bec64c138c63be-ec2e19b60559876c5830-c41aed20-53da-4c61-944c-0850ad58b290.json
[2026-04-06T18:34:20.774+08:00] Dump with screenshots serialized to: C:\Users\褚涸辙\AppData\Local\Temp\midscene-dump-37b610bec64c138c63be-ec2e19b60559876c5830-c41aed20-53da-4c61-944c-0850ad58b290.json
[2026-04-06T18:34:20.782+08:00] page closed
