[2026-04-05T22:57:03.950+08:00] evaluate function begin
[2026-04-05T22:57:03.996+08:00] evaluate function end
[2026-04-05T22:57:03.996+08:00] screenshotBase64 begin
[2026-04-05T22:57:03.984+08:00] evaluate function begin
[2026-04-05T22:57:04.015+08:00] evaluate function end
[2026-04-05T22:57:04.016+08:00] screenshotBase64 begin
[2026-04-05T22:57:04.035+08:00] screenshotBase64 end, cost: 39ms
[2026-04-05T22:57:04.000+08:00] evaluate function begin
[2026-04-05T22:57:04.042+08:00] evaluate function end
[2026-04-05T22:57:04.042+08:00] screenshotBase64 begin
[2026-04-05T22:57:04.022+08:00] evaluate function begin
[2026-04-05T22:57:04.053+08:00] screenshotBase64 end, cost: 37ms
[2026-04-05T22:57:04.057+08:00] evaluate function end
[2026-04-05T22:57:04.057+08:00] screenshotBase64 begin
[2026-04-05T22:57:04.084+08:00] screenshotBase64 end, cost: 42ms
[2026-04-05T22:57:04.092+08:00] screenshotBase64 end, cost: 35ms
[2026-04-05T22:57:14.627+08:00] screenshotBase64 begin
[2026-04-05T22:57:14.658+08:00] screenshotBase64 end, cost: 31ms
[2026-04-05T22:57:14.720+08:00] screenshotBase64 begin
[2026-04-05T22:57:14.741+08:00] screenshotBase64 end, cost: 21ms
[2026-04-05T22:57:19.543+08:00] screenshotBase64 begin
[2026-04-05T22:57:19.566+08:00] screenshotBase64 end, cost: 23ms
[2026-04-05T22:57:19.846+08:00] evaluate function begin
[2026-04-05T22:57:19.858+08:00] evaluate function end
[2026-04-05T22:57:19.858+08:00] mouse move to 528, 400
[2026-04-05T22:57:19.867+08:00] mouse wheel 0, 560
[2026-04-05T22:57:20.186+08:00] screenshotBase64 begin
[2026-04-05T22:57:20.211+08:00] screenshotBase64 end, cost: 25ms
[2026-04-05T22:57:20.493+08:00] evaluate function begin
[2026-04-05T22:57:20.502+08:00] evaluate function end
[2026-04-05T22:57:20.502+08:00] mouse move to 576, 400
[2026-04-05T22:57:20.508+08:00] mouse wheel 0, 560
[2026-04-05T22:57:20.697+08:00] waitForNavigation begin at moment afterInvokeAction with timeout: 5000 and actionName: Scroll
[2026-04-05T22:57:20.725+08:00] waitForNavigation end
[2026-04-05T22:57:20.725+08:00] screenshotBase64 begin
[2026-04-05T22:57:20.755+08:00] screenshotBase64 end, cost: 30ms
[2026-04-05T22:57:21.339+08:00] waitForNavigation begin at moment afterInvokeAction with timeout: 5000 and actionName: Scroll
[2026-04-05T22:57:21.370+08:00] waitForNavigation end
[2026-04-05T22:57:21.370+08:00] screenshotBase64 begin
[2026-04-05T22:57:21.396+08:00] screenshotBase64 end, cost: 26ms
[2026-04-05T22:57:23.306+08:00] screenshotBase64 begin
[2026-04-05T22:57:23.328+08:00] screenshotBase64 end, cost: 22ms
[2026-04-05T22:57:23.404+08:00] screenshotBase64 begin
[2026-04-05T22:57:23.426+08:00] screenshotBase64 end, cost: 22ms
[2026-04-05T22:57:24.040+08:00] screenshotBase64 begin
[2026-04-05T22:57:24.064+08:00] screenshotBase64 end, cost: 24ms
[2026-04-05T22:57:24.131+08:00] screenshotBase64 begin
[2026-04-05T22:57:24.154+08:00] screenshotBase64 end, cost: 23ms
[2026-04-05T23:03:30.186+08:00] evaluate function begin
[2026-04-05T23:03:30.214+08:00] evaluate function end
[2026-04-05T23:03:30.214+08:00] screenshotBase64 begin
[2026-04-05T23:03:30.245+08:00] screenshotBase64 end, cost: 31ms
[2026-04-05T23:03:30.229+08:00] evaluate function begin
[2026-04-05T23:03:30.256+08:00] evaluate function end
[2026-04-05T23:03:30.257+08:00] screenshotBase64 begin
[2026-04-05T23:03:30.241+08:00] evaluate function begin
[2026-04-05T23:03:30.277+08:00] evaluate function end
[2026-04-05T23:03:30.277+08:00] screenshotBase64 begin
[2026-04-05T23:03:30.298+08:00] screenshotBase64 end, cost: 41ms
[2026-04-05T23:03:30.316+08:00] screenshotBase64 end, cost: 39ms
[2026-04-05T23:03:30.284+08:00] evaluate function begin
[2026-04-05T23:03:30.327+08:00] evaluate function end
[2026-04-05T23:03:30.327+08:00] screenshotBase64 begin
[2026-04-05T23:03:30.360+08:00] screenshotBase64 end, cost: 32ms
[2026-04-05T23:03:34.773+08:00] screenshotBase64 begin
[2026-04-05T23:03:34.798+08:00] screenshotBase64 end, cost: 25ms
[2026-04-05T23:03:34.853+08:00] screenshotBase64 begin
[2026-04-05T23:03:34.874+08:00] screenshotBase64 end, cost: 21ms
[2026-04-05T23:03:38.486+08:00] screenshotBase64 begin
[2026-04-05T23:03:38.508+08:00] screenshotBase64 end, cost: 22ms
[2026-04-05T23:03:38.587+08:00] screenshotBase64 begin
[2026-04-05T23:03:38.623+08:00] screenshotBase64 end, cost: 36ms
[2026-04-05T23:03:40.798+08:00] screenshotBase64 begin
[2026-04-05T23:03:40.822+08:00] screenshotBase64 end, cost: 24ms
[2026-04-05T23:03:40.879+08:00] screenshotBase64 begin
[2026-04-05T23:03:40.906+08:00] screenshotBase64 end, cost: 27ms
[2026-04-05T23:03:42.050+08:00] screenshotBase64 begin
[2026-04-05T23:03:42.071+08:00] screenshotBase64 end, cost: 21ms
[2026-04-05T23:03:42.335+08:00] evaluate function begin
[2026-04-05T23:03:42.343+08:00] evaluate function end
[2026-04-05T23:03:42.343+08:00] mouse move to 640, 400
[2026-04-05T23:03:42.349+08:00] mouse wheel 0, 560
[2026-04-05T23:03:43.187+08:00] waitForNavigation begin at moment afterInvokeAction with timeout: 5000 and actionName: Scroll
[2026-04-05T23:03:43.220+08:00] waitForNavigation end
[2026-04-05T23:03:43.220+08:00] screenshotBase64 begin
[2026-04-05T23:03:43.245+08:00] screenshotBase64 end, cost: 25ms
[2026-04-05T23:03:45.748+08:00] screenshotBase64 begin
[2026-04-05T23:03:45.772+08:00] screenshotBase64 end, cost: 24ms
[2026-04-05T23:03:46.056+08:00] evaluate function begin
[2026-04-05T23:03:46.065+08:00] evaluate function end
[2026-04-05T23:03:46.066+08:00] mouse move to 640, 480
[2026-04-05T23:03:46.071+08:00] mouse wheel 0, 560
[2026-04-05T23:03:46.900+08:00] waitForNavigation begin at moment afterInvokeAction with timeout: 5000 and actionName: Scroll
[2026-04-05T23:03:46.933+08:00] waitForNavigation end
[2026-04-05T23:03:46.933+08:00] screenshotBase64 begin
[2026-04-05T23:03:46.973+08:00] screenshotBase64 end, cost: 40ms
[2026-04-05T23:05:18.983+08:00] evaluate function begin
[2026-04-05T23:05:19.013+08:00] evaluate function end
[2026-04-05T23:05:19.014+08:00] screenshotBase64 begin
[2026-04-05T23:05:19.049+08:00] screenshotBase64 end, cost: 35ms
[2026-04-05T23:05:19.030+08:00] evaluate function begin
[2026-04-05T23:05:19.068+08:00] evaluate function end
[2026-04-05T23:05:19.068+08:00] screenshotBase64 begin
[2026-04-05T23:05:19.067+08:00] evaluate function begin
[2026-04-05T23:05:19.115+08:00] screenshotBase64 end, cost: 47ms
[2026-04-05T23:05:19.118+08:00] evaluate function end
[2026-04-05T23:05:19.119+08:00] screenshotBase64 begin
[2026-04-05T23:05:19.097+08:00] evaluate function begin
[2026-04-05T23:05:19.148+08:00] evaluate function end
[2026-04-05T23:05:19.149+08:00] screenshotBase64 begin
[2026-04-05T23:05:19.160+08:00] screenshotBase64 end, cost: 41ms
[2026-04-05T23:05:19.183+08:00] screenshotBase64 end, cost: 34ms
[2026-04-05T23:05:25.501+08:00] screenshotBase64 begin
[2026-04-05T23:05:25.521+08:00] screenshotBase64 end, cost: 19ms
[2026-04-05T23:05:25.576+08:00] screenshotBase64 begin
[2026-04-05T23:05:25.602+08:00] screenshotBase64 end, cost: 26ms
[2026-04-05T23:05:29.997+08:00] screenshotBase64 begin
[2026-04-05T23:05:30.017+08:00] screenshotBase64 end, cost: 20ms
[2026-04-05T23:05:30.087+08:00] screenshotBase64 begin
[2026-04-05T23:05:30.106+08:00] screenshotBase64 end, cost: 19ms
[2026-04-05T23:05:33.782+08:00] screenshotBase64 begin
[2026-04-05T23:05:33.804+08:00] screenshotBase64 end, cost: 22ms
[2026-04-05T23:05:33.863+08:00] screenshotBase64 begin
[2026-04-05T23:05:33.884+08:00] screenshotBase64 end, cost: 21ms
[2026-04-05T23:05:37.396+08:00] screenshotBase64 begin
[2026-04-05T23:05:37.417+08:00] screenshotBase64 end, cost: 21ms
[2026-04-05T23:05:37.675+08:00] evaluate function begin
[2026-04-05T23:05:37.685+08:00] evaluate function end
[2026-04-05T23:05:37.686+08:00] mouse move to 640, 400
[2026-04-05T23:05:37.691+08:00] mouse wheel 0, 560
[2026-04-05T23:05:38.521+08:00] waitForNavigation begin at moment afterInvokeAction with timeout: 5000 and actionName: Scroll
[2026-04-05T23:05:38.553+08:00] waitForNavigation end
[2026-04-05T23:05:38.553+08:00] screenshotBase64 begin
[2026-04-05T23:05:38.585+08:00] screenshotBase64 end, cost: 32ms
[2026-04-05T23:05:39.065+08:00] screenshotBase64 begin
[2026-04-05T23:05:39.087+08:00] screenshotBase64 end, cost: 22ms
[2026-04-05T23:05:39.369+08:00] evaluate function begin
[2026-04-05T23:05:39.379+08:00] evaluate function end
[2026-04-05T23:05:39.379+08:00] mouse move to 640, 400
[2026-04-05T23:05:39.385+08:00] mouse wheel 0, 560
[2026-04-05T23:05:40.226+08:00] waitForNavigation begin at moment afterInvokeAction with timeout: 5000 and actionName: Scroll
[2026-04-05T23:05:40.255+08:00] waitForNavigation end
[2026-04-05T23:05:40.256+08:00] screenshotBase64 begin
[2026-04-05T23:05:40.285+08:00] screenshotBase64 end, cost: 29ms
[2026-04-05T23:05:42.254+08:00] screenshotBase64 begin
[2026-04-05T23:05:42.275+08:00] screenshotBase64 end, cost: 21ms
[2026-04-05T23:05:42.627+08:00] mouse move to 647, 710
[2026-04-05T23:05:42.638+08:00] mouse click 647, 710, left, 1
[2026-04-05T23:05:42.972+08:00] waitForNavigation begin at moment afterInvokeAction with timeout: 5000 and actionName: Tap
[2026-04-05T23:05:43.000+08:00] waitForNavigation end
[2026-04-05T23:05:43.000+08:00] screenshotBase64 begin
[2026-04-05T23:05:43.027+08:00] screenshotBase64 end, cost: 27ms
[2026-04-05T23:05:44.268+08:00] screenshotBase64 begin
[2026-04-05T23:05:44.293+08:00] screenshotBase64 end, cost: 25ms
[2026-04-05T23:05:44.365+08:00] screenshotBase64 begin
[2026-04-05T23:05:44.389+08:00] screenshotBase64 end, cost: 24ms
[2026-04-05T23:08:19.819+08:00] evaluate function begin
[2026-04-05T23:08:19.851+08:00] evaluate function end
[2026-04-05T23:08:19.851+08:00] screenshotBase64 begin
[2026-04-05T23:08:19.843+08:00] evaluate function begin
[2026-04-05T23:08:19.872+08:00] evaluate function end
[2026-04-05T23:08:19.873+08:00] screenshotBase64 begin
[2026-04-05T23:08:19.862+08:00] evaluate function begin
[2026-04-05T23:08:19.895+08:00] evaluate function end
[2026-04-05T23:08:19.895+08:00] screenshotBase64 begin
[2026-04-05T23:08:19.903+08:00] screenshotBase64 end, cost: 52ms
[2026-04-05T23:08:19.911+08:00] screenshotBase64 end, cost: 38ms
[2026-04-05T23:08:19.897+08:00] evaluate function begin
[2026-04-05T23:08:19.927+08:00] evaluate function end
[2026-04-05T23:08:19.928+08:00] screenshotBase64 begin
[2026-04-05T23:08:19.937+08:00] screenshotBase64 end, cost: 42ms
[2026-04-05T23:08:19.963+08:00] screenshotBase64 end, cost: 35ms
[2026-04-05T23:08:24.412+08:00] screenshotBase64 begin
[2026-04-05T23:08:24.433+08:00] screenshotBase64 end, cost: 21ms
[2026-04-05T23:08:24.500+08:00] screenshotBase64 begin
[2026-04-05T23:08:24.522+08:00] screenshotBase64 end, cost: 22ms
[2026-04-05T23:08:29.444+08:00] screenshotBase64 begin
[2026-04-05T23:08:29.466+08:00] screenshotBase64 end, cost: 22ms
[2026-04-05T23:08:29.539+08:00] screenshotBase64 begin
[2026-04-05T23:08:29.562+08:00] screenshotBase64 end, cost: 23ms
[2026-04-05T23:08:31.649+08:00] screenshotBase64 begin
[2026-04-05T23:08:31.677+08:00] screenshotBase64 end, cost: 28ms
[2026-04-05T23:08:31.959+08:00] evaluate function begin
[2026-04-05T23:08:31.970+08:00] evaluate function end
[2026-04-05T23:08:31.971+08:00] mouse move to 640, 400
[2026-04-05T23:08:31.977+08:00] mouse wheel 0, 560
[2026-04-05T23:08:32.820+08:00] waitForNavigation begin at moment afterInvokeAction with timeout: 5000 and actionName: Scroll
[2026-04-05T23:08:32.851+08:00] waitForNavigation end
[2026-04-05T23:08:32.851+08:00] screenshotBase64 begin
[2026-04-05T23:08:32.876+08:00] screenshotBase64 end, cost: 25ms
[2026-04-05T23:08:36.210+08:00] screenshotBase64 begin
[2026-04-05T23:08:36.231+08:00] screenshotBase64 end, cost: 21ms
[2026-04-05T23:08:36.367+08:00] screenshotBase64 begin
[2026-04-05T23:08:36.396+08:00] screenshotBase64 end, cost: 29ms
[2026-04-05T23:08:36.504+08:00] evaluate function begin
[2026-04-05T23:08:36.515+08:00] evaluate function end
[2026-04-05T23:08:36.515+08:00] mouse move to 640, 400
[2026-04-05T23:08:36.521+08:00] mouse wheel 0, 560
[2026-04-05T23:08:36.682+08:00] screenshotBase64 begin
[2026-04-05T23:08:36.706+08:00] mouse move to 647, 709
[2026-04-05T23:08:36.706+08:00] screenshotBase64 end, cost: 24ms
[2026-04-05T23:08:36.717+08:00] mouse click 647, 709, left, 1
[2026-04-05T23:08:37.021+08:00] mouse move to 652, 324
[2026-04-05T23:08:37.032+08:00] mouse click 652, 324, left, 1
[2026-04-05T23:08:37.035+08:00] waitForNavigation begin at moment afterInvokeAction with timeout: 5000 and actionName: Tap
[2026-04-05T23:08:37.067+08:00] waitForNavigation end
[2026-04-05T23:08:37.068+08:00] screenshotBase64 begin
[2026-04-05T23:08:37.113+08:00] screenshotBase64 end, cost: 45ms
[2026-04-05T23:08:37.347+08:00] waitForNavigation begin at moment afterInvokeAction with timeout: 5000 and actionName: Tap
[2026-04-05T23:08:37.347+08:00] waitForNavigation begin at moment afterInvokeAction with timeout: 5000 and actionName: Scroll
[2026-04-05T23:08:37.378+08:00] waitForNavigation end
[2026-04-05T23:08:37.378+08:00] waitForNavigation end
[2026-04-05T23:08:37.378+08:00] screenshotBase64 begin
[2026-04-05T23:08:37.379+08:00] screenshotBase64 begin
[2026-04-05T23:08:37.405+08:00] screenshotBase64 end, cost: 27ms
[2026-04-05T23:08:37.412+08:00] screenshotBase64 end, cost: 33ms
[2026-04-05T23:08:44.661+08:00] screenshotBase64 begin
[2026-04-05T23:08:44.682+08:00] screenshotBase64 end, cost: 21ms
[2026-04-05T23:08:44.797+08:00] screenshotBase64 begin
[2026-04-05T23:08:44.816+08:00] screenshotBase64 end, cost: 19ms
[2026-04-05T23:08:48.018+08:00] screenshotBase64 begin
[2026-04-05T23:08:48.043+08:00] screenshotBase64 end, cost: 25ms
[2026-04-05T23:08:48.147+08:00] screenshotBase64 begin
[2026-04-05T23:08:48.167+08:00] screenshotBase64 end, cost: 20ms
[2026-04-05T23:08:51.908+08:00] screenshotBase64 begin
[2026-04-05T23:08:51.928+08:00] screenshotBase64 end, cost: 20ms
[2026-04-05T23:08:52.118+08:00] screenshotBase64 begin
[2026-04-05T23:08:52.144+08:00] screenshotBase64 end, cost: 26ms
[2026-04-05T23:08:52.231+08:00] mouse move to 989, 523
[2026-04-05T23:08:52.234+08:00] mouse click 989, 523, left, 1
[2026-04-05T23:08:52.418+08:00] evaluate function begin
[2026-04-05T23:08:52.422+08:00] evaluate function end
[2026-04-05T23:08:52.422+08:00] mouse wheel 0, -560
[2026-04-05T23:08:52.556+08:00] waitForNavigation begin at moment afterInvokeAction with timeout: 5000 and actionName: Tap
[2026-04-05T23:08:52.567+08:00] waitForNavigation end
[2026-04-05T23:08:52.567+08:00] screenshotBase64 begin
[2026-04-05T23:08:52.596+08:00] screenshotBase64 end, cost: 29ms
[2026-04-05T23:08:53.245+08:00] waitForNavigation begin at moment afterInvokeAction with timeout: 5000 and actionName: Scroll
[2026-04-05T23:08:53.253+08:00] waitForNavigation end
[2026-04-05T23:08:53.253+08:00] screenshotBase64 begin
[2026-04-05T23:08:53.278+08:00] screenshotBase64 end, cost: 25ms
[2026-04-05T23:08:57.423+08:00] screenshotBase64 begin
[2026-04-05T23:08:57.457+08:00] screenshotBase64 end, cost: 34ms
[2026-04-05T23:08:57.578+08:00] screenshotBase64 begin
[2026-04-05T23:08:57.607+08:00] screenshotBase64 end, cost: 29ms
[2026-04-05T23:09:06.009+08:00] screenshotBase64 begin
[2026-04-05T23:09:06.030+08:00] screenshotBase64 end, cost: 21ms
[2026-04-05T23:09:06.857+08:00] screenshotBase64 begin
[2026-04-05T23:09:06.876+08:00] screenshotBase64 end, cost: 19ms
[2026-04-05T23:09:07.174+08:00] evaluate function begin
[2026-04-05T23:09:07.178+08:00] evaluate function end
[2026-04-05T23:09:07.178+08:00] mouse wheel 0, 560
[2026-04-05T23:09:08.003+08:00] waitForNavigation begin at moment afterInvokeAction with timeout: 5000 and actionName: Scroll
[2026-04-05T23:09:08.012+08:00] waitForNavigation end
[2026-04-05T23:09:08.013+08:00] screenshotBase64 begin
[2026-04-05T23:09:08.034+08:00] screenshotBase64 end, cost: 21ms
[2026-04-05T23:09:11.411+08:00] screenshotBase64 begin
[2026-04-05T23:09:11.442+08:00] screenshotBase64 end, cost: 31ms
[2026-04-05T23:09:11.799+08:00] mouse move to 642, 385
[2026-04-05T23:09:11.804+08:00] mouse click 642, 385, left, 1
[2026-04-05T23:09:12.111+08:00] waitForNavigation begin at moment afterInvokeAction with timeout: 5000 and actionName: Tap
[2026-04-05T23:09:12.120+08:00] waitForNavigation end
[2026-04-05T23:09:12.120+08:00] screenshotBase64 begin
[2026-04-05T23:09:12.142+08:00] screenshotBase64 end, cost: 22ms
[2026-04-05T23:09:15.594+08:00] screenshotBase64 begin
[2026-04-05T23:09:15.626+08:00] screenshotBase64 end, cost: 32ms
[2026-04-05T23:09:15.968+08:00] keyboard type Midscene 测试人
[2026-04-05T23:09:17.413+08:00] waitForNavigation begin at moment afterInvokeAction with timeout: 5000 and actionName: Input
[2026-04-05T23:09:17.421+08:00] waitForNavigation end
[2026-04-05T23:09:17.421+08:00] screenshotBase64 begin
[2026-04-05T23:09:17.440+08:00] screenshotBase64 end, cost: 19ms
[2026-04-05T23:09:23.103+08:00] screenshotBase64 begin
[2026-04-05T23:09:23.127+08:00] screenshotBase64 end, cost: 24ms
[2026-04-05T23:09:23.445+08:00] evaluate function begin
[2026-04-05T23:09:23.449+08:00] evaluate function end
[2026-04-05T23:09:23.449+08:00] mouse wheel 0, -560
[2026-04-05T23:09:24.267+08:00] waitForNavigation begin at moment afterInvokeAction with timeout: 5000 and actionName: Scroll
[2026-04-05T23:09:24.277+08:00] waitForNavigation end
[2026-04-05T23:09:24.277+08:00] screenshotBase64 begin
[2026-04-05T23:09:24.298+08:00] screenshotBase64 end, cost: 21ms
[2026-04-05T23:09:25.769+08:00] screenshotBase64 begin
[2026-04-05T23:09:25.791+08:00] screenshotBase64 end, cost: 22ms
[2026-04-05T23:09:25.986+08:00] screenshotBase64 begin
[2026-04-05T23:09:26.008+08:00] screenshotBase64 end, cost: 22ms
[2026-04-05T23:09:33.150+08:00] screenshotBase64 begin
[2026-04-05T23:09:33.174+08:00] screenshotBase64 end, cost: 24ms
[2026-04-05T23:09:33.588+08:00] mouse move to 638, 445
[2026-04-05T23:09:33.590+08:00] mouse click 638, 445, left, 1
[2026-04-05T23:09:33.899+08:00] waitForNavigation begin at moment afterInvokeAction with timeout: 5000 and actionName: Tap
[2026-04-05T23:09:33.907+08:00] waitForNavigation end
[2026-04-05T23:09:33.908+08:00] screenshotBase64 begin
[2026-04-05T23:09:33.940+08:00] screenshotBase64 end, cost: 32ms
[2026-04-05T23:09:36.099+08:00] screenshotBase64 begin
[2026-04-05T23:09:36.127+08:00] screenshotBase64 end, cost: 28ms
[2026-04-05T23:09:36.456+08:00] evaluate function begin
[2026-04-05T23:09:36.459+08:00] evaluate function end
[2026-04-05T23:09:36.459+08:00] mouse wheel 0, -560
[2026-04-05T23:09:37.284+08:00] waitForNavigation begin at moment afterInvokeAction with timeout: 5000 and actionName: Scroll
[2026-04-05T23:09:37.294+08:00] waitForNavigation end
[2026-04-05T23:09:37.295+08:00] screenshotBase64 begin
[2026-04-05T23:09:37.314+08:00] screenshotBase64 end, cost: 18ms
[2026-04-05T23:09:37.599+08:00] screenshotBase64 begin
[2026-04-05T23:09:37.625+08:00] screenshotBase64 end, cost: 26ms
[2026-04-05T23:09:38.020+08:00] keyboard type midscene@test.com
[2026-04-05T23:09:39.939+08:00] waitForNavigation begin at moment afterInvokeAction with timeout: 5000 and actionName: Input
[2026-04-05T23:09:39.946+08:00] waitForNavigation end
[2026-04-05T23:09:39.946+08:00] screenshotBase64 begin
[2026-04-05T23:09:39.972+08:00] screenshotBase64 end, cost: 26ms
[2026-04-05T23:09:45.957+08:00] screenshotBase64 begin
[2026-04-05T23:09:45.992+08:00] screenshotBase64 end, cost: 35ms
[2026-04-05T23:09:46.230+08:00] screenshotBase64 begin
[2026-04-05T23:09:46.257+08:00] screenshotBase64 end, cost: 27ms
[2026-04-05T23:11:34.995+08:00] evaluate function begin
[2026-04-05T23:11:35.026+08:00] evaluate function end
[2026-04-05T23:11:35.026+08:00] screenshotBase64 begin
[2026-04-05T23:11:35.058+08:00] screenshotBase64 end, cost: 32ms
[2026-04-05T23:11:35.050+08:00] evaluate function begin
[2026-04-05T23:11:35.084+08:00] evaluate function end
[2026-04-05T23:11:35.084+08:00] screenshotBase64 begin
[2026-04-05T23:11:35.084+08:00] evaluate function begin
[2026-04-05T23:11:35.119+08:00] evaluate function end
[2026-04-05T23:11:35.119+08:00] screenshotBase64 begin
[2026-04-05T23:11:35.124+08:00] screenshotBase64 end, cost: 40ms
[2026-04-05T23:11:35.110+08:00] evaluate function begin
[2026-04-05T23:11:35.140+08:00] evaluate function end
[2026-04-05T23:11:35.140+08:00] screenshotBase64 begin
[2026-04-05T23:11:35.162+08:00] screenshotBase64 end, cost: 43ms
[2026-04-05T23:11:35.176+08:00] screenshotBase64 end, cost: 36ms
[2026-04-05T23:11:45.358+08:00] screenshotBase64 begin
[2026-04-05T23:11:45.378+08:00] screenshotBase64 end, cost: 20ms
[2026-04-05T23:11:45.424+08:00] screenshotBase64 begin
[2026-04-05T23:11:45.442+08:00] screenshotBase64 begin
[2026-04-05T23:11:45.448+08:00] screenshotBase64 end, cost: 24ms
[2026-04-05T23:11:45.471+08:00] screenshotBase64 end, cost: 29ms
[2026-04-05T23:11:45.503+08:00] screenshotBase64 begin
[2026-04-05T23:11:45.524+08:00] screenshotBase64 end, cost: 21ms
[2026-04-05T23:11:45.720+08:00] evaluate function begin
[2026-04-05T23:11:45.733+08:00] evaluate function end
[2026-04-05T23:11:45.733+08:00] mouse move to 640, 400
[2026-04-05T23:11:45.738+08:00] mouse wheel 0, -560
[2026-04-05T23:11:45.797+08:00] evaluate function begin
[2026-04-05T23:11:45.806+08:00] evaluate function end
[2026-04-05T23:11:45.806+08:00] mouse move to 640, 400
[2026-04-05T23:11:45.812+08:00] mouse wheel 0, 560
[2026-04-05T23:11:46.573+08:00] waitForNavigation begin at moment afterInvokeAction with timeout: 5000 and actionName: Scroll
[2026-04-05T23:11:46.605+08:00] waitForNavigation end
[2026-04-05T23:11:46.605+08:00] screenshotBase64 begin
[2026-04-05T23:11:46.634+08:00] waitForNavigation begin at moment afterInvokeAction with timeout: 5000 and actionName: Scroll
[2026-04-05T23:11:46.637+08:00] screenshotBase64 end, cost: 32ms
[2026-04-05T23:11:46.664+08:00] waitForNavigation end
[2026-04-05T23:11:46.664+08:00] screenshotBase64 begin
[2026-04-05T23:11:46.706+08:00] screenshotBase64 end, cost: 42ms
[2026-04-05T23:11:51.250+08:00] screenshotBase64 begin
[2026-04-05T23:11:51.272+08:00] screenshotBase64 end, cost: 22ms
[2026-04-05T23:11:51.339+08:00] screenshotBase64 begin
[2026-04-05T23:11:51.361+08:00] screenshotBase64 end, cost: 22ms
[2026-04-05T23:11:56.127+08:00] screenshotBase64 begin
[2026-04-05T23:11:56.146+08:00] screenshotBase64 end, cost: 19ms
[2026-04-05T23:11:56.435+08:00] evaluate function begin
[2026-04-05T23:11:56.439+08:00] evaluate function end
[2026-04-05T23:11:56.439+08:00] mouse wheel 0, -560
[2026-04-05T23:11:57.256+08:00] waitForNavigation begin at moment afterInvokeAction with timeout: 5000 and actionName: Scroll
[2026-04-05T23:11:57.266+08:00] waitForNavigation end
[2026-04-05T23:11:57.267+08:00] screenshotBase64 begin
[2026-04-05T23:11:57.286+08:00] screenshotBase64 end, cost: 19ms
[2026-04-05T23:12:09.854+08:00] screenshotBase64 begin
[2026-04-05T23:12:09.875+08:00] screenshotBase64 end, cost: 21ms
[2026-04-05T23:12:10.116+08:00] screenshotBase64 begin
[2026-04-05T23:12:10.138+08:00] screenshotBase64 end, cost: 22ms
[2026-04-05T23:12:10.169+08:00] evaluate function begin
[2026-04-05T23:12:10.174+08:00] evaluate function end
[2026-04-05T23:12:10.174+08:00] mouse wheel 0, 560
[2026-04-05T23:12:10.448+08:00] mouse move to 648, 709
[2026-04-05T23:12:10.462+08:00] mouse click 648, 709, left, 1
[2026-04-05T23:12:10.776+08:00] waitForNavigation begin at moment afterInvokeAction with timeout: 5000 and actionName: Tap
[2026-04-05T23:12:10.807+08:00] waitForNavigation end
[2026-04-05T23:12:10.807+08:00] screenshotBase64 begin
[2026-04-05T23:12:10.835+08:00] screenshotBase64 end, cost: 28ms
[2026-04-05T23:12:10.992+08:00] waitForNavigation begin at moment afterInvokeAction with timeout: 5000 and actionName: Scroll
[2026-04-05T23:12:11.000+08:00] waitForNavigation end
[2026-04-05T23:12:11.001+08:00] screenshotBase64 begin
[2026-04-05T23:12:11.020+08:00] screenshotBase64 end, cost: 19ms
[2026-04-05T23:12:13.758+08:00] screenshotBase64 begin
[2026-04-05T23:12:13.779+08:00] screenshotBase64 end, cost: 21ms
[2026-04-05T23:12:14.088+08:00] mouse move to 989, 523
[2026-04-05T23:12:14.093+08:00] mouse click 989, 523, left, 1
[2026-04-05T23:12:14.416+08:00] waitForNavigation begin at moment afterInvokeAction with timeout: 5000 and actionName: Tap
[2026-04-05T23:12:14.426+08:00] waitForNavigation end
[2026-04-05T23:12:14.426+08:00] screenshotBase64 begin
[2026-04-05T23:12:14.450+08:00] screenshotBase64 end, cost: 24ms
[2026-04-05T23:12:19.687+08:00] screenshotBase64 begin
[2026-04-05T23:12:19.708+08:00] screenshotBase64 end, cost: 21ms
[2026-04-05T23:12:19.912+08:00] screenshotBase64 begin
[2026-04-05T23:12:19.935+08:00] screenshotBase64 end, cost: 23ms
[2026-04-05T23:12:20.071+08:00] mouse move to 989, 523
[2026-04-05T23:12:20.074+08:00] mouse click 989, 523, left, 1
[2026-04-05T23:12:20.228+08:00] mouse move to 652, 324
[2026-04-05T23:12:20.244+08:00] mouse click 652, 324, left, 1
[2026-04-05T23:12:20.400+08:00] waitForNavigation begin at moment afterInvokeAction with timeout: 5000 and actionName: Tap
[2026-04-05T23:12:20.410+08:00] waitForNavigation end
[2026-04-05T23:12:20.411+08:00] screenshotBase64 begin
[2026-04-05T23:12:20.434+08:00] screenshotBase64 end, cost: 23ms
[2026-04-05T23:12:20.556+08:00] waitForNavigation begin at moment afterInvokeAction with timeout: 5000 and actionName: Tap
[2026-04-05T23:12:20.582+08:00] waitForNavigation end
[2026-04-05T23:12:20.582+08:00] screenshotBase64 begin
[2026-04-05T23:12:20.608+08:00] screenshotBase64 end, cost: 26ms
[2026-04-05T23:12:23.644+08:00] screenshotBase64 begin
[2026-04-05T23:12:23.667+08:00] screenshotBase64 end, cost: 23ms
[2026-04-05T23:12:23.785+08:00] screenshotBase64 begin
[2026-04-05T23:12:23.817+08:00] screenshotBase64 end, cost: 32ms
[2026-04-05T23:12:25.116+08:00] screenshotBase64 begin
[2026-04-05T23:12:25.154+08:00] screenshotBase64 end, cost: 38ms
[2026-04-05T23:12:25.321+08:00] screenshotBase64 begin
[2026-04-05T23:12:25.349+08:00] screenshotBase64 end, cost: 28ms
[2026-04-05T23:12:29.021+08:00] screenshotBase64 begin
[2026-04-05T23:12:29.052+08:00] screenshotBase64 end, cost: 31ms
[2026-04-05T23:12:29.445+08:00] mouse move to 642, 386
[2026-04-05T23:12:29.448+08:00] mouse click 642, 386, left, 1
[2026-04-05T23:12:29.760+08:00] waitForNavigation begin at moment afterInvokeAction with timeout: 5000 and actionName: Tap
[2026-04-05T23:12:29.770+08:00] waitForNavigation end
[2026-04-05T23:12:29.771+08:00] screenshotBase64 begin
[2026-04-05T23:12:29.800+08:00] screenshotBase64 end, cost: 29ms
[2026-04-05T23:12:30.542+08:00] screenshotBase64 begin
[2026-04-05T23:12:30.561+08:00] screenshotBase64 end, cost: 19ms
[2026-04-05T23:12:30.669+08:00] screenshotBase64 begin
[2026-04-05T23:12:30.694+08:00] screenshotBase64 end, cost: 25ms
[2026-04-05T23:12:37.124+08:00] screenshotBase64 begin
[2026-04-05T23:12:37.151+08:00] screenshotBase64 end, cost: 27ms
[2026-04-05T23:12:37.259+08:00] screenshotBase64 begin
[2026-04-05T23:12:37.284+08:00] screenshotBase64 end, cost: 25ms
[2026-04-05T23:12:39.391+08:00] screenshotBase64 begin
[2026-04-05T23:12:39.419+08:00] screenshotBase64 end, cost: 28ms
[2026-04-05T23:12:39.784+08:00] keyboard type Midscene 测试人
[2026-04-05T23:12:41.229+08:00] waitForNavigation begin at moment afterInvokeAction with timeout: 5000 and actionName: Input
[2026-04-05T23:12:41.240+08:00] waitForNavigation end
[2026-04-05T23:12:41.240+08:00] screenshotBase64 begin
[2026-04-05T23:12:41.266+08:00] screenshotBase64 end, cost: 26ms
[2026-04-05T23:12:47.386+08:00] screenshotBase64 begin
[2026-04-05T23:12:47.419+08:00] screenshotBase64 end, cost: 33ms
[2026-04-05T23:12:47.630+08:00] screenshotBase64 begin
[2026-04-05T23:12:47.666+08:00] screenshotBase64 end, cost: 36ms
[2026-04-05T23:12:48.020+08:00] screenshotBase64 begin
[2026-04-05T23:12:48.039+08:00] screenshotBase64 end, cost: 19ms
[2026-04-05T23:12:52.943+08:00] screenshotBase64 begin
[2026-04-05T23:12:52.966+08:00] screenshotBase64 end, cost: 22ms
[2026-04-05T23:12:53.449+08:00] mouse move to 638, 434
[2026-04-05T23:12:53.452+08:00] mouse click 638, 434, left, 1
[2026-04-05T23:12:53.762+08:00] waitForNavigation begin at moment afterInvokeAction with timeout: 5000 and actionName: Tap
[2026-04-05T23:12:53.770+08:00] waitForNavigation end
[2026-04-05T23:12:53.770+08:00] screenshotBase64 begin
[2026-04-05T23:12:53.800+08:00] screenshotBase64 end, cost: 30ms
[2026-04-05T23:12:58.955+08:00] screenshotBase64 begin
[2026-04-05T23:12:58.984+08:00] screenshotBase64 end, cost: 29ms
[2026-04-05T23:12:59.406+08:00] keyboard type midscene@test.com
[2026-04-05T23:13:01.325+08:00] waitForNavigation begin at moment afterInvokeAction with timeout: 5000 and actionName: Input
[2026-04-05T23:13:01.335+08:00] waitForNavigation end
[2026-04-05T23:13:01.335+08:00] screenshotBase64 begin
[2026-04-05T23:13:01.369+08:00] screenshotBase64 end, cost: 34ms
[2026-04-05T23:13:07.535+08:00] screenshotBase64 begin
[2026-04-05T23:13:07.567+08:00] screenshotBase64 end, cost: 32ms
[2026-04-05T23:13:07.846+08:00] screenshotBase64 begin
[2026-04-05T23:13:07.865+08:00] screenshotBase64 end, cost: 19ms
[2026-04-05T23:13:27.309+08:00] screenshotBase64 begin
[2026-04-05T23:13:27.330+08:00] screenshotBase64 end, cost: 21ms
[2026-04-05T23:13:27.679+08:00] screenshotBase64 begin
[2026-04-05T23:13:27.714+08:00] screenshotBase64 end, cost: 35ms
[2026-04-05T23:13:27.937+08:00] mouse move to 813, 470
[2026-04-05T23:13:27.941+08:00] mouse click 813, 470, left, 1
[2026-04-05T23:13:28.263+08:00] waitForNavigation begin at moment afterInvokeAction with timeout: 5000 and actionName: Tap
[2026-04-05T23:13:28.271+08:00] waitForNavigation end
[2026-04-05T23:13:28.271+08:00] screenshotBase64 begin
[2026-04-05T23:13:28.291+08:00] screenshotBase64 end, cost: 20ms
[2026-04-05T23:13:45.281+08:00] screenshotBase64 begin
[2026-04-05T23:13:45.304+08:00] screenshotBase64 end, cost: 23ms
[2026-04-05T23:13:45.628+08:00] screenshotBase64 begin
[2026-04-05T23:13:45.647+08:00] screenshotBase64 end, cost: 19ms
[2026-04-05T23:13:54.482+08:00] screenshotBase64 begin
[2026-04-05T23:13:54.504+08:00] screenshotBase64 end, cost: 22ms
[2026-04-05T23:13:54.787+08:00] screenshotBase64 begin
[2026-04-05T23:13:54.806+08:00] screenshotBase64 end, cost: 19ms
[2026-04-05T23:14:08.254+08:00] screenshotBase64 begin
[2026-04-05T23:14:08.284+08:00] screenshotBase64 end, cost: 30ms
[2026-04-05T23:14:08.612+08:00] screenshotBase64 begin
[2026-04-05T23:14:08.636+08:00] screenshotBase64 end, cost: 24ms
[2026-04-05T23:14:09.021+08:00] mouse move to 902, 689
[2026-04-05T23:14:09.024+08:00] mouse click 902, 689, left, 1
[2026-04-05T23:14:09.347+08:00] waitForNavigation begin at moment afterInvokeAction with timeout: 5000 and actionName: Tap
[2026-04-05T23:14:09.357+08:00] waitForNavigation end
[2026-04-05T23:14:09.357+08:00] screenshotBase64 begin
[2026-04-05T23:14:09.381+08:00] screenshotBase64 end, cost: 24ms
[2026-04-05T23:14:09.723+08:00] screenshotBase64 begin
[2026-04-05T23:14:09.748+08:00] screenshotBase64 end, cost: 25ms
[2026-04-05T23:14:14.476+08:00] screenshotBase64 begin
[2026-04-05T23:14:14.497+08:00] screenshotBase64 end, cost: 21ms
[2026-04-05T23:14:14.906+08:00] screenshotBase64 begin
[2026-04-05T23:14:14.929+08:00] screenshotBase64 end, cost: 23ms
[2026-04-05T23:14:20.046+08:00] screenshotBase64 begin
[2026-04-05T23:14:20.080+08:00] screenshotBase64 end, cost: 34ms
[2026-04-05T23:14:20.448+08:00] screenshotBase64 begin
[2026-04-05T23:14:20.480+08:00] screenshotBase64 end, cost: 32ms
[2026-04-05T23:14:20.849+08:00] mouse move to 639, 394
[2026-04-05T23:14:20.852+08:00] mouse click 639, 394, left, 1
[2026-04-05T23:14:21.162+08:00] waitForNavigation begin at moment afterInvokeAction with timeout: 5000 and actionName: Tap
[2026-04-05T23:14:21.171+08:00] waitForNavigation end
[2026-04-05T23:14:21.171+08:00] screenshotBase64 begin
[2026-04-05T23:14:21.197+08:00] screenshotBase64 end, cost: 26ms
[2026-04-05T23:14:21.565+08:00] screenshotBase64 begin
[2026-04-05T23:14:21.597+08:00] screenshotBase64 end, cost: 32ms
[2026-04-05T23:14:27.159+08:00] screenshotBase64 begin
[2026-04-05T23:14:27.182+08:00] screenshotBase64 end, cost: 23ms
[2026-04-05T23:14:27.538+08:00] screenshotBase64 begin
[2026-04-05T23:14:27.564+08:00] screenshotBase64 end, cost: 26ms
[2026-04-05T23:14:27.794+08:00] keyboard type Midscene 已修改
[2026-04-05T23:14:29.232+08:00] waitForNavigation begin at moment afterInvokeAction with timeout: 5000 and actionName: Input
[2026-04-05T23:14:29.241+08:00] waitForNavigation end
[2026-04-05T23:14:29.241+08:00] screenshotBase64 begin
[2026-04-05T23:14:29.263+08:00] screenshotBase64 end, cost: 22ms
[2026-04-05T23:14:29.641+08:00] screenshotBase64 begin
[2026-04-05T23:14:29.667+08:00] screenshotBase64 end, cost: 26ms
[2026-04-05T23:14:36.081+08:00] screenshotBase64 begin
[2026-04-05T23:14:36.114+08:00] screenshotBase64 end, cost: 33ms
[2026-04-05T23:14:36.495+08:00] screenshotBase64 begin
[2026-04-05T23:14:36.529+08:00] screenshotBase64 end, cost: 34ms
[2026-04-05T23:14:36.911+08:00] clearInput begin
[2026-04-05T23:14:36.912+08:00] mouse move to 639, 394
[2026-04-05T23:14:36.915+08:00] mouse click 639, 394, left, 1
[2026-04-05T23:14:37.037+08:00] keyboard press [ { key: 'Backspace' } ]
[2026-04-05T23:14:37.047+08:00] clearInput end
[2026-04-05T23:14:37.348+08:00] waitForNavigation begin at moment afterInvokeAction with timeout: 5000 and actionName: ClearInput
[2026-04-05T23:14:37.354+08:00] waitForNavigation end
[2026-04-05T23:14:37.355+08:00] screenshotBase64 begin
[2026-04-05T23:14:37.379+08:00] screenshotBase64 end, cost: 24ms
[2026-04-05T23:14:37.771+08:00] screenshotBase64 begin
[2026-04-05T23:14:37.796+08:00] screenshotBase64 end, cost: 25ms
[2026-04-05T23:14:45.255+08:00] screenshotBase64 begin
[2026-04-05T23:14:45.282+08:00] screenshotBase64 end, cost: 27ms
[2026-04-05T23:14:45.715+08:00] screenshotBase64 begin
[2026-04-05T23:14:45.746+08:00] screenshotBase64 end, cost: 31ms
[2026-04-05T23:14:45.966+08:00] keyboard type Midscene 已修改
[2026-04-05T23:14:47.395+08:00] waitForNavigation begin at moment afterInvokeAction with timeout: 5000 and actionName: Input
[2026-04-05T23:14:47.402+08:00] waitForNavigation end
[2026-04-05T23:14:47.402+08:00] screenshotBase64 begin
[2026-04-05T23:14:47.429+08:00] screenshotBase64 end, cost: 27ms
[2026-04-05T23:14:47.842+08:00] screenshotBase64 begin
[2026-04-05T23:14:47.860+08:00] screenshotBase64 end, cost: 18ms
[2026-04-05T23:14:54.375+08:00] screenshotBase64 begin
[2026-04-05T23:14:54.395+08:00] screenshotBase64 end, cost: 20ms
[2026-04-05T23:14:54.972+08:00] screenshotBase64 begin
[2026-04-05T23:14:54.998+08:00] screenshotBase64 end, cost: 26ms
[2026-04-05T23:15:01.102+08:00] screenshotBase64 begin
[2026-04-05T23:15:01.128+08:00] screenshotBase64 end, cost: 26ms
[2026-04-05T23:15:01.593+08:00] screenshotBase64 begin
[2026-04-05T23:15:01.629+08:00] screenshotBase64 end, cost: 36ms
[2026-04-05T23:15:02.029+08:00] mouse move to 812, 469
[2026-04-05T23:15:02.033+08:00] mouse click 812, 469, left, 1
[2026-04-05T23:15:02.358+08:00] waitForNavigation begin at moment afterInvokeAction with timeout: 5000 and actionName: Tap
[2026-04-05T23:15:02.364+08:00] waitForNavigation end
[2026-04-05T23:15:02.364+08:00] screenshotBase64 begin
[2026-04-05T23:15:02.389+08:00] screenshotBase64 end, cost: 25ms
[2026-04-05T23:15:02.907+08:00] screenshotBase64 begin
[2026-04-05T23:15:02.929+08:00] screenshotBase64 end, cost: 22ms
[2026-04-05T23:15:18.016+08:00] screenshotBase64 begin
[2026-04-05T23:15:18.038+08:00] screenshotBase64 end, cost: 22ms
[2026-04-05T23:15:18.614+08:00] screenshotBase64 begin
[2026-04-05T23:15:18.635+08:00] screenshotBase64 end, cost: 21ms
[2026-04-05T23:15:24.614+08:00] screenshotBase64 begin
[2026-04-05T23:15:24.635+08:00] screenshotBase64 end, cost: 21ms
[2026-04-05T23:15:25.144+08:00] screenshotBase64 begin
[2026-04-05T23:15:25.166+08:00] screenshotBase64 end, cost: 22ms
[2026-04-05T23:15:37.714+08:00] screenshotBase64 begin
[2026-04-05T23:15:37.735+08:00] screenshotBase64 end, cost: 21ms
[2026-04-05T23:15:38.244+08:00] screenshotBase64 begin
[2026-04-05T23:15:38.263+08:00] screenshotBase64 end, cost: 19ms
[2026-04-05T23:15:38.678+08:00] mouse move to 936, 691
[2026-04-05T23:15:38.681+08:00] mouse click 936, 691, left, 1
[2026-04-05T23:15:39.005+08:00] waitForNavigation begin at moment afterInvokeAction with timeout: 5000 and actionName: Tap
[2026-04-05T23:15:39.012+08:00] waitForNavigation end
[2026-04-05T23:15:39.012+08:00] screenshotBase64 begin
[2026-04-05T23:15:39.033+08:00] screenshotBase64 end, cost: 21ms
[2026-04-05T23:15:39.552+08:00] screenshotBase64 begin
[2026-04-05T23:15:39.579+08:00] screenshotBase64 end, cost: 27ms
[2026-04-05T23:15:46.619+08:00] screenshotBase64 begin
[2026-04-05T23:15:46.644+08:00] screenshotBase64 end, cost: 25ms
[2026-04-05T23:15:47.274+08:00] screenshotBase64 begin
[2026-04-05T23:15:47.293+08:00] screenshotBase64 end, cost: 19ms
[2026-04-05T23:15:53.755+08:00] screenshotBase64 begin
[2026-04-05T23:15:53.777+08:00] screenshotBase64 end, cost: 22ms
[2026-04-05T23:19:12.019+08:00] evaluate function begin
[2026-04-05T23:19:12.053+08:00] evaluate function end
[2026-04-05T23:19:12.053+08:00] screenshotBase64 begin
[2026-04-05T23:19:12.041+08:00] evaluate function begin
[2026-04-05T23:19:12.069+08:00] evaluate function end
[2026-04-05T23:19:12.070+08:00] screenshotBase64 begin
[2026-04-05T23:19:12.059+08:00] evaluate function begin
[2026-04-05T23:19:12.089+08:00] evaluate function end
[2026-04-05T23:19:12.089+08:00] screenshotBase64 begin
[2026-04-05T23:19:12.099+08:00] screenshotBase64 end, cost: 46ms
[2026-04-05T23:19:12.076+08:00] evaluate function begin
[2026-04-05T23:19:12.109+08:00] screenshotBase64 end, cost: 39ms
[2026-04-05T23:19:12.110+08:00] evaluate function end
[2026-04-05T23:19:12.110+08:00] screenshotBase64 begin
[2026-04-05T23:19:12.126+08:00] screenshotBase64 end, cost: 37ms
[2026-04-05T23:19:12.153+08:00] screenshotBase64 end, cost: 43ms
[2026-04-05T23:19:26.579+08:00] screenshotBase64 begin
[2026-04-05T23:19:26.603+08:00] screenshotBase64 end, cost: 24ms
[2026-04-05T23:19:26.673+08:00] screenshotBase64 begin
[2026-04-05T23:19:26.694+08:00] screenshotBase64 end, cost: 21ms
[2026-04-05T23:19:28.497+08:00] screenshotBase64 begin
[2026-04-05T23:19:28.506+08:00] screenshotBase64 begin
[2026-04-05T23:19:28.522+08:00] screenshotBase64 end, cost: 25ms
[2026-04-05T23:19:28.538+08:00] screenshotBase64 end, cost: 32ms
[2026-04-05T23:19:28.606+08:00] screenshotBase64 begin
[2026-04-05T23:19:28.630+08:00] screenshotBase64 end, cost: 24ms
[2026-04-05T23:19:28.791+08:00] evaluate function begin
[2026-04-05T23:19:28.803+08:00] evaluate function end
[2026-04-05T23:19:28.804+08:00] mouse move to 640, 400
[2026-04-05T23:19:28.810+08:00] mouse wheel 0, 560
[2026-04-05T23:19:29.648+08:00] waitForNavigation begin at moment afterInvokeAction with timeout: 5000 and actionName: Scroll
[2026-04-05T23:19:29.679+08:00] waitForNavigation end
[2026-04-05T23:19:29.679+08:00] screenshotBase64 begin
[2026-04-05T23:19:29.719+08:00] screenshotBase64 end, cost: 40ms
[2026-04-05T23:19:31.841+08:00] screenshotBase64 begin
[2026-04-05T23:19:31.868+08:00] screenshotBase64 end, cost: 27ms
[2026-04-05T23:19:32.149+08:00] evaluate function begin
[2026-04-05T23:19:32.162+08:00] evaluate function end
[2026-04-05T23:19:32.162+08:00] mouse move to 640, 400
[2026-04-05T23:19:32.168+08:00] mouse wheel 0, 560
[2026-04-05T23:19:33.013+08:00] waitForNavigation begin at moment afterInvokeAction with timeout: 5000 and actionName: Scroll
[2026-04-05T23:19:33.044+08:00] waitForNavigation end
[2026-04-05T23:19:33.044+08:00] screenshotBase64 begin
[2026-04-05T23:19:33.087+08:00] screenshotBase64 end, cost: 43ms
[2026-04-05T23:19:36.730+08:00] screenshotBase64 begin
[2026-04-05T23:19:36.753+08:00] screenshotBase64 end, cost: 23ms
[2026-04-05T23:19:37.063+08:00] mouse move to 652, 324
[2026-04-05T23:19:37.077+08:00] mouse click 652, 324, left, 1
[2026-04-05T23:19:37.390+08:00] waitForNavigation begin at moment afterInvokeAction with timeout: 5000 and actionName: Tap
[2026-04-05T23:19:37.421+08:00] waitForNavigation end
[2026-04-05T23:19:37.421+08:00] screenshotBase64 begin
[2026-04-05T23:19:37.453+08:00] screenshotBase64 end, cost: 32ms
[2026-04-05T23:19:42.828+08:00] screenshotBase64 begin
[2026-04-05T23:19:42.850+08:00] screenshotBase64 end, cost: 22ms
[2026-04-05T23:19:43.136+08:00] evaluate function begin
[2026-04-05T23:19:43.140+08:00] evaluate function end
[2026-04-05T23:19:43.141+08:00] mouse wheel 0, 560
[2026-04-05T23:19:43.963+08:00] waitForNavigation begin at moment afterInvokeAction with timeout: 5000 and actionName: Scroll
[2026-04-05T23:19:43.971+08:00] waitForNavigation end
[2026-04-05T23:19:43.971+08:00] screenshotBase64 begin
[2026-04-05T23:19:43.991+08:00] screenshotBase64 end, cost: 20ms
[2026-04-05T23:19:47.620+08:00] screenshotBase64 begin
[2026-04-05T23:19:47.642+08:00] screenshotBase64 end, cost: 22ms
[2026-04-05T23:19:47.749+08:00] screenshotBase64 begin
[2026-04-05T23:19:47.770+08:00] screenshotBase64 end, cost: 21ms
[2026-04-05T23:19:50.243+08:00] screenshotBase64 begin
[2026-04-05T23:19:50.266+08:00] screenshotBase64 end, cost: 23ms
[2026-04-05T23:19:50.568+08:00] mouse move to 647, 709
[2026-04-05T23:19:50.581+08:00] mouse click 647, 709, left, 1
[2026-04-05T23:19:50.898+08:00] waitForNavigation begin at moment afterInvokeAction with timeout: 5000 and actionName: Tap
[2026-04-05T23:19:50.929+08:00] waitForNavigation end
[2026-04-05T23:19:50.929+08:00] screenshotBase64 begin
[2026-04-05T23:19:50.957+08:00] screenshotBase64 end, cost: 28ms
[2026-04-05T23:19:54.573+08:00] screenshotBase64 begin
[2026-04-05T23:19:54.601+08:00] screenshotBase64 end, cost: 28ms
[2026-04-05T23:19:54.904+08:00] mouse move to 988, 523
[2026-04-05T23:19:54.909+08:00] mouse click 988, 523, left, 1
[2026-04-05T23:19:55.231+08:00] waitForNavigation begin at moment afterInvokeAction with timeout: 5000 and actionName: Tap
[2026-04-05T23:19:55.241+08:00] waitForNavigation end
[2026-04-05T23:19:55.241+08:00] screenshotBase64 begin
[2026-04-05T23:19:55.265+08:00] screenshotBase64 end, cost: 24ms
[2026-04-05T23:20:00.150+08:00] screenshotBase64 begin
[2026-04-05T23:20:00.184+08:00] screenshotBase64 end, cost: 34ms
[2026-04-05T23:20:00.294+08:00] screenshotBase64 begin
[2026-04-05T23:20:00.314+08:00] screenshotBase64 end, cost: 20ms
[2026-04-05T23:20:01.570+08:00] screenshotBase64 begin
[2026-04-05T23:20:01.591+08:00] screenshotBase64 end, cost: 21ms
[2026-04-05T23:20:01.826+08:00] screenshotBase64 begin
[2026-04-05T23:20:01.849+08:00] screenshotBase64 end, cost: 23ms
[2026-04-05T23:20:01.927+08:00] mouse move to 991, 548
[2026-04-05T23:20:01.930+08:00] mouse click 991, 548, left, 1
[2026-04-05T23:20:02.265+08:00] waitForNavigation begin at moment afterInvokeAction with timeout: 5000 and actionName: Tap
[2026-04-05T23:20:02.276+08:00] waitForNavigation end
[2026-04-05T23:20:02.276+08:00] screenshotBase64 begin
[2026-04-05T23:20:02.299+08:00] screenshotBase64 end, cost: 23ms
[2026-04-05T23:20:02.948+08:00] screenshotBase64 begin
[2026-04-05T23:20:02.970+08:00] screenshotBase64 end, cost: 22ms
[2026-04-05T23:20:03.073+08:00] screenshotBase64 begin
[2026-04-05T23:20:03.092+08:00] screenshotBase64 end, cost: 18ms
[2026-04-05T23:20:06.925+08:00] screenshotBase64 begin
[2026-04-05T23:20:06.949+08:00] screenshotBase64 end, cost: 24ms
[2026-04-05T23:20:07.304+08:00] mouse move to 642, 385
[2026-04-05T23:20:07.307+08:00] mouse click 642, 385, left, 1
[2026-04-05T23:20:07.617+08:00] waitForNavigation begin at moment afterInvokeAction with timeout: 5000 and actionName: Tap
[2026-04-05T23:20:07.627+08:00] waitForNavigation end
[2026-04-05T23:20:07.627+08:00] screenshotBase64 begin
[2026-04-05T23:20:07.649+08:00] screenshotBase64 end, cost: 22ms
[2026-04-05T23:20:08.910+08:00] screenshotBase64 begin
[2026-04-05T23:20:08.933+08:00] screenshotBase64 end, cost: 23ms
[2026-04-05T23:20:09.075+08:00] screenshotBase64 begin
[2026-04-05T23:20:09.098+08:00] screenshotBase64 end, cost: 23ms
[2026-04-05T23:20:13.083+08:00] screenshotBase64 begin
[2026-04-05T23:20:13.115+08:00] screenshotBase64 end, cost: 32ms
[2026-04-05T23:20:13.453+08:00] keyboard type Midscene 测试人
[2026-04-05T23:20:14.897+08:00] waitForNavigation begin at moment afterInvokeAction with timeout: 5000 and actionName: Input
[2026-04-05T23:20:14.907+08:00] waitForNavigation end
[2026-04-05T23:20:14.907+08:00] screenshotBase64 begin
[2026-04-05T23:20:14.932+08:00] screenshotBase64 end, cost: 25ms
[2026-04-05T23:20:18.661+08:00] screenshotBase64 begin
[2026-04-05T23:20:18.701+08:00] screenshotBase64 end, cost: 40ms
[2026-04-05T23:20:19.083+08:00] mouse move to 638, 316
[2026-04-05T23:20:19.087+08:00] mouse click 638, 316, left, 1
[2026-04-05T23:20:19.396+08:00] waitForNavigation begin at moment afterInvokeAction with timeout: 5000 and actionName: Tap
[2026-04-05T23:20:19.404+08:00] waitForNavigation end
[2026-04-05T23:20:19.404+08:00] screenshotBase64 begin
[2026-04-05T23:20:19.433+08:00] screenshotBase64 end, cost: 29ms
[2026-04-05T23:20:22.245+08:00] screenshotBase64 begin
[2026-04-05T23:20:22.283+08:00] screenshotBase64 end, cost: 38ms
[2026-04-05T23:20:22.465+08:00] screenshotBase64 begin
[2026-04-05T23:20:22.497+08:00] screenshotBase64 end, cost: 32ms
[2026-04-05T23:20:28.257+08:00] screenshotBase64 begin
[2026-04-05T23:20:28.285+08:00] screenshotBase64 end, cost: 28ms
[2026-04-05T23:20:28.648+08:00] keyboard type Midscene AI 写作
[2026-04-05T23:20:30.114+08:00] screenshotBase64 begin
[2026-04-05T23:20:30.150+08:00] screenshotBase64 end, cost: 36ms
[2026-04-05T23:20:30.291+08:00] waitForNavigation begin at moment afterInvokeAction with timeout: 5000 and actionName: Input
[2026-04-05T23:20:30.298+08:00] waitForNavigation end
[2026-04-05T23:20:30.298+08:00] screenshotBase64 begin
[2026-04-05T23:20:30.331+08:00] screenshotBase64 end, cost: 33ms
[2026-04-05T23:20:30.572+08:00] mouse move to 638, 434
[2026-04-05T23:20:30.575+08:00] mouse click 638, 434, left, 1
[2026-04-05T23:20:30.882+08:00] waitForNavigation begin at moment afterInvokeAction with timeout: 5000 and actionName: Tap
[2026-04-05T23:20:30.888+08:00] waitForNavigation end
[2026-04-05T23:20:30.889+08:00] screenshotBase64 begin
[2026-04-05T23:20:30.914+08:00] screenshotBase64 end, cost: 25ms
[2026-04-05T23:20:37.366+08:00] screenshotBase64 begin
[2026-04-05T23:20:37.403+08:00] screenshotBase64 end, cost: 37ms
[2026-04-05T23:20:37.606+08:00] screenshotBase64 begin
[2026-04-05T23:20:37.632+08:00] screenshotBase64 end, cost: 26ms
[2026-04-05T23:20:38.254+08:00] screenshotBase64 begin
[2026-04-05T23:20:38.281+08:00] screenshotBase64 end, cost: 27ms
[2026-04-05T23:20:38.676+08:00] keyboard type midscene@test.com
[2026-04-05T23:20:40.582+08:00] waitForNavigation begin at moment afterInvokeAction with timeout: 5000 and actionName: Input
[2026-04-05T23:20:40.591+08:00] waitForNavigation end
[2026-04-05T23:20:40.591+08:00] screenshotBase64 begin
[2026-04-05T23:20:40.613+08:00] screenshotBase64 end, cost: 22ms
[2026-04-05T23:20:44.614+08:00] screenshotBase64 begin
[2026-04-05T23:20:44.650+08:00] screenshotBase64 end, cost: 36ms
[2026-04-05T23:20:45.096+08:00] mouse move to 638, 420
[2026-04-05T23:20:45.100+08:00] mouse click 638, 420, left, 1
[2026-04-05T23:20:45.412+08:00] waitForNavigation begin at moment afterInvokeAction with timeout: 5000 and actionName: Tap
[2026-04-05T23:20:45.421+08:00] waitForNavigation end
[2026-04-05T23:20:45.421+08:00] screenshotBase64 begin
[2026-04-05T23:20:45.447+08:00] screenshotBase64 end, cost: 26ms
[2026-04-05T23:20:47.881+08:00] screenshotBase64 begin
[2026-04-05T23:20:47.913+08:00] screenshotBase64 end, cost: 32ms
[2026-04-05T23:20:48.156+08:00] screenshotBase64 begin
[2026-04-05T23:20:48.179+08:00] screenshotBase64 end, cost: 23ms
[2026-04-05T23:20:53.243+08:00] screenshotBase64 begin
[2026-04-05T23:20:53.265+08:00] screenshotBase64 end, cost: 22ms
[2026-04-05T23:20:53.668+08:00] keyboard type 这是由 Midscene 自动测试创建的内容
[2026-04-05T23:20:56.041+08:00] waitForNavigation begin at moment afterInvokeAction with timeout: 5000 and actionName: Input
[2026-04-05T23:20:56.048+08:00] waitForNavigation end
[2026-04-05T23:20:56.048+08:00] screenshotBase64 begin
[2026-04-05T23:20:56.080+08:00] screenshotBase64 end, cost: 32ms
[2026-04-05T23:20:56.175+08:00] screenshotBase64 begin
[2026-04-05T23:20:56.196+08:00] screenshotBase64 end, cost: 21ms
[2026-04-05T23:20:56.694+08:00] mouse move to 813, 470
[2026-04-05T23:20:56.698+08:00] mouse click 813, 470, left, 1
[2026-04-05T23:20:57.009+08:00] waitForNavigation begin at moment afterInvokeAction with timeout: 5000 and actionName: Tap
[2026-04-05T23:20:57.018+08:00] waitForNavigation end
[2026-04-05T23:20:57.018+08:00] screenshotBase64 begin
[2026-04-05T23:20:57.039+08:00] screenshotBase64 end, cost: 21ms
[2026-04-05T23:21:07.013+08:00] screenshotBase64 begin
[2026-04-05T23:21:07.050+08:00] screenshotBase64 end, cost: 37ms
[2026-04-05T23:21:07.305+08:00] screenshotBase64 begin
[2026-04-05T23:21:07.330+08:00] screenshotBase64 end, cost: 25ms
[2026-04-05T23:22:20.895+08:00] screenshotBase64 begin
[2026-04-05T23:22:20.929+08:00] screenshotBase64 end, cost: 34ms
[2026-04-05T23:22:21.254+08:00] screenshotBase64 begin
[2026-04-05T23:22:21.278+08:00] screenshotBase64 end, cost: 24ms
[2026-04-05T23:22:21.509+08:00] mouse move to 638, 514
[2026-04-05T23:22:21.514+08:00] mouse click 638, 514, left, 1
[2026-04-05T23:22:21.854+08:00] waitForNavigation begin at moment afterInvokeAction with timeout: 5000 and actionName: Tap
[2026-04-05T23:22:21.860+08:00] waitForNavigation end
[2026-04-05T23:22:21.861+08:00] screenshotBase64 begin
[2026-04-05T23:22:21.907+08:00] screenshotBase64 end, cost: 46ms
[2026-04-05T23:22:27.075+08:00] screenshotBase64 begin
[2026-04-05T23:22:27.098+08:00] screenshotBase64 end, cost: 23ms
[2026-04-05T23:22:27.371+08:00] screenshotBase64 begin
[2026-04-05T23:22:27.392+08:00] screenshotBase64 end, cost: 21ms
[2026-04-05T23:22:31.589+08:00] screenshotBase64 begin
[2026-04-05T23:22:31.611+08:00] screenshotBase64 end, cost: 22ms
[2026-04-05T23:22:31.863+08:00] screenshotBase64 begin
[2026-04-05T23:22:31.881+08:00] screenshotBase64 end, cost: 18ms
[2026-04-05T23:22:32.226+08:00] screenshotBase64 begin
[2026-04-05T23:22:32.270+08:00] screenshotBase64 end, cost: 44ms
[2026-04-05T23:22:32.614+08:00] screenshotBase64 begin
[2026-04-05T23:22:32.654+08:00] screenshotBase64 end, cost: 40ms
[2026-04-05T23:22:32.873+08:00] mouse move to 638, 429
[2026-04-05T23:22:32.876+08:00] mouse click 638, 429, left, 1
[2026-04-05T23:22:33.200+08:00] waitForNavigation begin at moment afterInvokeAction with timeout: 5000 and actionName: Tap
[2026-04-05T23:22:33.209+08:00] waitForNavigation end
[2026-04-05T23:22:33.210+08:00] screenshotBase64 begin
[2026-04-05T23:22:33.243+08:00] screenshotBase64 end, cost: 33ms
[2026-04-05T23:22:38.975+08:00] screenshotBase64 begin
[2026-04-05T23:22:38.997+08:00] screenshotBase64 end, cost: 22ms
[2026-04-05T23:22:39.344+08:00] screenshotBase64 begin
[2026-04-05T23:22:39.365+08:00] screenshotBase64 end, cost: 21ms
[2026-04-05T23:22:39.597+08:00] mouse move to 902, 689
[2026-04-05T23:22:39.600+08:00] mouse click 902, 689, left, 1
[2026-04-05T23:22:39.912+08:00] waitForNavigation begin at moment afterInvokeAction with timeout: 5000 and actionName: Tap
[2026-04-05T23:22:39.918+08:00] waitForNavigation end
[2026-04-05T23:22:39.918+08:00] screenshotBase64 begin
[2026-04-05T23:22:39.943+08:00] screenshotBase64 end, cost: 25ms
[2026-04-05T23:22:40.951+08:00] screenshotBase64 begin
[2026-04-05T23:22:40.978+08:00] screenshotBase64 end, cost: 27ms
[2026-04-05T23:22:41.364+08:00] screenshotBase64 begin
[2026-04-05T23:22:41.393+08:00] screenshotBase64 end, cost: 29ms
[2026-04-05T23:22:41.614+08:00] mouse move to 638, 514
[2026-04-05T23:22:41.616+08:00] mouse click 638, 514, left, 1
[2026-04-05T23:22:41.928+08:00] waitForNavigation begin at moment afterInvokeAction with timeout: 5000 and actionName: Tap
[2026-04-05T23:22:41.936+08:00] waitForNavigation end
[2026-04-05T23:22:41.936+08:00] screenshotBase64 begin
[2026-04-05T23:22:41.970+08:00] screenshotBase64 end, cost: 34ms
[2026-04-05T23:22:49.310+08:00] screenshotBase64 begin
[2026-04-05T23:22:49.353+08:00] screenshotBase64 end, cost: 43ms
[2026-04-05T23:22:49.754+08:00] screenshotBase64 begin
[2026-04-05T23:22:49.786+08:00] screenshotBase64 end, cost: 32ms
[2026-04-05T23:22:50.017+08:00] mouse move to 638, 429
[2026-04-05T23:22:50.020+08:00] mouse click 638, 429, left, 1
[2026-04-05T23:22:50.328+08:00] waitForNavigation begin at moment afterInvokeAction with timeout: 5000 and actionName: Tap
[2026-04-05T23:22:50.334+08:00] waitForNavigation end
[2026-04-05T23:22:50.334+08:00] screenshotBase64 begin
[2026-04-05T23:22:50.360+08:00] screenshotBase64 end, cost: 26ms
[2026-04-05T23:22:56.705+08:00] screenshotBase64 begin
[2026-04-05T23:22:56.741+08:00] screenshotBase64 end, cost: 36ms
[2026-04-05T23:22:57.065+08:00] screenshotBase64 begin
[2026-04-05T23:22:57.092+08:00] screenshotBase64 end, cost: 27ms
[2026-04-05T23:22:57.288+08:00] screenshotBase64 begin
[2026-04-05T23:22:57.309+08:00] screenshotBase64 end, cost: 21ms
[2026-04-05T23:22:57.744+08:00] screenshotBase64 begin
[2026-04-05T23:22:57.775+08:00] screenshotBase64 end, cost: 31ms
[2026-04-05T23:22:58.002+08:00] mouse move to 638, 514
[2026-04-05T23:22:58.005+08:00] mouse click 638, 514, left, 1
[2026-04-05T23:22:58.314+08:00] waitForNavigation begin at moment afterInvokeAction with timeout: 5000 and actionName: Tap
[2026-04-05T23:22:58.322+08:00] waitForNavigation end
[2026-04-05T23:22:58.322+08:00] screenshotBase64 begin
[2026-04-05T23:22:58.353+08:00] screenshotBase64 end, cost: 31ms
[2026-04-05T23:22:58.683+08:00] screenshotBase64 begin
[2026-04-05T23:22:58.720+08:00] screenshotBase64 end, cost: 37ms
[2026-04-05T23:23:04.763+08:00] screenshotBase64 begin
[2026-04-05T23:23:04.793+08:00] screenshotBase64 end, cost: 30ms
[2026-04-05T23:23:05.188+08:00] screenshotBase64 begin
[2026-04-05T23:23:05.209+08:00] screenshotBase64 end, cost: 21ms
[2026-04-05T23:23:05.431+08:00] mouse move to 639, 400
[2026-04-05T23:23:05.434+08:00] mouse click 639, 400, left, 1
[2026-04-05T23:23:05.743+08:00] waitForNavigation begin at moment afterInvokeAction with timeout: 5000 and actionName: Tap
[2026-04-05T23:23:05.751+08:00] waitForNavigation end
[2026-04-05T23:23:05.752+08:00] screenshotBase64 begin
[2026-04-05T23:23:05.774+08:00] screenshotBase64 end, cost: 22ms
[2026-04-05T23:23:07.071+08:00] screenshotBase64 begin
[2026-04-05T23:23:07.118+08:00] screenshotBase64 end, cost: 47ms
[2026-04-05T23:23:07.472+08:00] screenshotBase64 begin
[2026-04-05T23:23:07.504+08:00] screenshotBase64 end, cost: 32ms
[2026-04-05T23:23:07.902+08:00] mouse move to 638, 429
[2026-04-05T23:23:07.906+08:00] mouse click 638, 429, left, 1
[2026-04-05T23:23:08.216+08:00] waitForNavigation begin at moment afterInvokeAction with timeout: 5000 and actionName: Tap
[2026-04-05T23:23:08.226+08:00] waitForNavigation end
[2026-04-05T23:23:08.226+08:00] screenshotBase64 begin
[2026-04-05T23:23:08.266+08:00] screenshotBase64 end, cost: 40ms
[2026-04-05T23:23:08.726+08:00] screenshotBase64 begin
[2026-04-05T23:23:08.767+08:00] screenshotBase64 end, cost: 41ms
[2026-04-05T23:23:17.115+08:00] screenshotBase64 begin
[2026-04-05T23:23:17.143+08:00] screenshotBase64 end, cost: 28ms
[2026-04-05T23:23:17.394+08:00] screenshotBase64 begin
[2026-04-05T23:23:17.425+08:00] screenshotBase64 end, cost: 31ms
[2026-04-05T23:23:17.525+08:00] screenshotBase64 begin
[2026-04-05T23:23:17.558+08:00] screenshotBase64 end, cost: 33ms
[2026-04-05T23:23:17.934+08:00] mouse move to 638, 514
[2026-04-05T23:23:17.937+08:00] mouse click 638, 514, left, 1
[2026-04-05T23:23:17.949+08:00] keyboard type Midscene 已修改
[2026-04-05T23:23:18.245+08:00] waitForNavigation begin at moment afterInvokeAction with timeout: 5000 and actionName: Tap
[2026-04-05T23:23:18.251+08:00] waitForNavigation end
[2026-04-05T23:23:18.251+08:00] screenshotBase64 begin
[2026-04-05T23:23:18.285+08:00] screenshotBase64 end, cost: 34ms
[2026-04-05T23:23:18.676+08:00] screenshotBase64 begin
[2026-04-05T23:23:18.718+08:00] screenshotBase64 end, cost: 42ms
[2026-04-05T23:23:19.382+08:00] waitForNavigation begin at moment afterInvokeAction with timeout: 5000 and actionName: Input
[2026-04-05T23:23:19.390+08:00] waitForNavigation end
[2026-04-05T23:23:19.390+08:00] screenshotBase64 begin
[2026-04-05T23:23:19.427+08:00] screenshotBase64 end, cost: 37ms
[2026-04-05T23:23:19.748+08:00] screenshotBase64 begin
[2026-04-05T23:23:19.774+08:00] screenshotBase64 end, cost: 26ms
[2026-04-05T23:23:26.758+08:00] screenshotBase64 begin
[2026-04-05T23:23:26.802+08:00] screenshotBase64 end, cost: 44ms
[2026-04-05T23:23:27.102+08:00] screenshotBase64 begin
[2026-04-05T23:23:27.125+08:00] screenshotBase64 end, cost: 23ms
[2026-04-05T23:23:27.215+08:00] screenshotBase64 begin
[2026-04-05T23:23:27.253+08:00] screenshotBase64 end, cost: 38ms
[2026-04-05T23:23:27.468+08:00] screenshotBase64 begin
[2026-04-05T23:23:27.492+08:00] screenshotBase64 end, cost: 24ms
[2026-04-05T23:23:27.639+08:00] mouse move to 638, 429
[2026-04-05T23:23:27.642+08:00] mouse click 638, 429, left, 1
[2026-04-05T23:23:27.842+08:00] clearInput begin
[2026-04-05T23:23:27.842+08:00] mouse move to 639, 400
[2026-04-05T23:23:27.845+08:00] mouse click 639, 400, left, 1
[2026-04-05T23:23:27.953+08:00] waitForNavigation begin at moment afterInvokeAction with timeout: 5000 and actionName: Tap
[2026-04-05T23:23:27.954+08:00] keyboard press [ { key: 'Backspace' } ]
[2026-04-05T23:23:27.960+08:00] waitForNavigation end
[2026-04-05T23:23:27.960+08:00] screenshotBase64 begin
[2026-04-05T23:23:27.961+08:00] clearInput end
[2026-04-05T23:23:27.991+08:00] screenshotBase64 end, cost: 31ms
[2026-04-05T23:23:28.266+08:00] waitForNavigation begin at moment afterInvokeAction with timeout: 5000 and actionName: ClearInput
[2026-04-05T23:23:28.272+08:00] waitForNavigation end
[2026-04-05T23:23:28.272+08:00] screenshotBase64 begin
[2026-04-05T23:23:28.290+08:00] screenshotBase64 end, cost: 18ms
[2026-04-05T23:23:28.416+08:00] screenshotBase64 begin
[2026-04-05T23:23:28.441+08:00] screenshotBase64 end, cost: 25ms
[2026-04-05T23:23:28.641+08:00] screenshotBase64 begin
[2026-04-05T23:23:28.674+08:00] screenshotBase64 end, cost: 33ms
[2026-04-05T23:23:36.758+08:00] screenshotBase64 begin
[2026-04-05T23:23:36.790+08:00] screenshotBase64 end, cost: 32ms
[2026-04-05T23:23:37.160+08:00] screenshotBase64 begin
[2026-04-05T23:23:37.191+08:00] screenshotBase64 end, cost: 31ms
[2026-04-05T23:23:37.422+08:00] keyboard type Midscene 已修改
[2026-04-05T23:23:37.729+08:00] screenshotBase64 begin
[2026-04-05T23:23:37.758+08:00] screenshotBase64 end, cost: 29ms
[2026-04-05T23:23:38.193+08:00] screenshotBase64 begin
[2026-04-05T23:23:38.224+08:00] screenshotBase64 end, cost: 31ms
[2026-04-05T23:23:38.610+08:00] mouse move to 638, 514
[2026-04-05T23:23:38.613+08:00] mouse click 638, 514, left, 1
[2026-04-05T23:23:38.859+08:00] waitForNavigation begin at moment afterInvokeAction with timeout: 5000 and actionName: Input
[2026-04-05T23:23:38.864+08:00] waitForNavigation end
[2026-04-05T23:23:38.865+08:00] screenshotBase64 begin
[2026-04-05T23:23:38.890+08:00] screenshotBase64 end, cost: 25ms
[2026-04-05T23:23:38.920+08:00] waitForNavigation begin at moment afterInvokeAction with timeout: 5000 and actionName: Tap
[2026-04-05T23:23:38.926+08:00] waitForNavigation end
[2026-04-05T23:23:38.926+08:00] screenshotBase64 begin
[2026-04-05T23:23:38.968+08:00] screenshotBase64 end, cost: 42ms
[2026-04-05T23:23:39.268+08:00] screenshotBase64 begin
[2026-04-05T23:23:39.289+08:00] screenshotBase64 end, cost: 21ms
[2026-04-05T23:23:39.410+08:00] screenshotBase64 begin
[2026-04-05T23:23:39.451+08:00] screenshotBase64 end, cost: 41ms
[2026-04-05T23:23:44.865+08:00] screenshotBase64 begin
[2026-04-05T23:23:44.890+08:00] screenshotBase64 end, cost: 25ms
[2026-04-05T23:23:45.361+08:00] screenshotBase64 begin
[2026-04-05T23:23:45.390+08:00] screenshotBase64 end, cost: 29ms
[2026-04-05T23:23:49.264+08:00] screenshotBase64 begin
[2026-04-05T23:23:49.300+08:00] screenshotBase64 end, cost: 36ms
[2026-04-05T23:23:49.764+08:00] screenshotBase64 begin
[2026-04-05T23:23:49.802+08:00] screenshotBase64 end, cost: 38ms
[2026-04-05T23:23:50.213+08:00] mouse move to 638, 429
[2026-04-05T23:23:50.216+08:00] mouse click 638, 429, left, 1
[2026-04-05T23:23:50.525+08:00] waitForNavigation begin at moment afterInvokeAction with timeout: 5000 and actionName: Tap
[2026-04-05T23:23:50.531+08:00] waitForNavigation end
[2026-04-05T23:23:50.531+08:00] screenshotBase64 begin
[2026-04-05T23:23:50.557+08:00] screenshotBase64 end, cost: 26ms
[2026-04-05T23:23:51.044+08:00] screenshotBase64 begin
[2026-04-05T23:23:51.075+08:00] screenshotBase64 end, cost: 31ms
[2026-04-05T23:24:00.169+08:00] screenshotBase64 begin
[2026-04-05T23:24:00.191+08:00] screenshotBase64 end, cost: 22ms
[2026-04-05T23:24:00.588+08:00] screenshotBase64 begin
[2026-04-05T23:24:00.623+08:00] screenshotBase64 end, cost: 35ms
[2026-04-05T23:24:01.001+08:00] mouse move to 812, 469
[2026-04-05T23:24:01.004+08:00] mouse click 812, 469, left, 1
[2026-04-05T23:24:01.314+08:00] waitForNavigation begin at moment afterInvokeAction with timeout: 5000 and actionName: Tap
[2026-04-05T23:24:01.321+08:00] waitForNavigation end
[2026-04-05T23:24:01.322+08:00] screenshotBase64 begin
[2026-04-05T23:24:01.344+08:00] screenshotBase64 end, cost: 22ms
[2026-04-05T23:24:01.761+08:00] screenshotBase64 begin
[2026-04-05T23:24:01.779+08:00] screenshotBase64 end, cost: 18ms
[2026-04-05T23:24:06.188+08:00] screenshotBase64 begin
[2026-04-05T23:24:06.224+08:00] screenshotBase64 end, cost: 36ms
[2026-04-05T23:24:06.705+08:00] screenshotBase64 begin
[2026-04-05T23:24:06.742+08:00] screenshotBase64 end, cost: 37ms
[2026-04-05T23:24:07.157+08:00] mouse move to 638, 514
[2026-04-05T23:24:07.160+08:00] mouse click 638, 514, left, 1
[2026-04-05T23:24:07.470+08:00] waitForNavigation begin at moment afterInvokeAction with timeout: 5000 and actionName: Tap
[2026-04-05T23:24:07.478+08:00] waitForNavigation end
[2026-04-05T23:24:07.478+08:00] screenshotBase64 begin
[2026-04-05T23:24:07.516+08:00] screenshotBase64 end, cost: 38ms
[2026-04-05T23:24:07.999+08:00] screenshotBase64 begin
[2026-04-05T23:24:08.034+08:00] screenshotBase64 end, cost: 35ms
[2026-04-05T23:24:13.903+08:00] screenshotBase64 begin
[2026-04-05T23:24:13.923+08:00] screenshotBase64 end, cost: 20ms
[2026-04-05T23:24:14.429+08:00] screenshotBase64 begin
[2026-04-05T23:24:14.449+08:00] screenshotBase64 end, cost: 20ms
[2026-04-05T23:24:15.884+08:00] screenshotBase64 begin
[2026-04-05T23:24:15.917+08:00] screenshotBase64 end, cost: 33ms
[2026-04-05T23:24:16.433+08:00] screenshotBase64 begin
[2026-04-05T23:24:16.466+08:00] screenshotBase64 end, cost: 33ms
[2026-04-05T23:24:16.890+08:00] mouse move to 638, 429
[2026-04-05T23:24:16.893+08:00] mouse click 638, 429, left, 1
[2026-04-05T23:24:17.200+08:00] waitForNavigation begin at moment afterInvokeAction with timeout: 5000 and actionName: Tap
[2026-04-05T23:24:17.208+08:00] waitForNavigation end
[2026-04-05T23:24:17.208+08:00] screenshotBase64 begin
[2026-04-05T23:24:17.243+08:00] screenshotBase64 end, cost: 35ms
[2026-04-05T23:24:17.765+08:00] screenshotBase64 begin
[2026-04-05T23:24:17.789+08:00] screenshotBase64 end, cost: 24ms
[2026-04-05T23:24:31.497+08:00] screenshotBase64 begin
[2026-04-05T23:24:31.524+08:00] screenshotBase64 end, cost: 27ms
[2026-04-05T23:24:31.818+08:00] screenshotBase64 begin
[2026-04-05T23:24:31.842+08:00] screenshotBase64 end, cost: 24ms
[2026-04-05T23:24:32.066+08:00] screenshotBase64 begin
[2026-04-05T23:24:32.090+08:00] screenshotBase64 end, cost: 24ms
[2026-04-05T23:24:32.305+08:00] screenshotBase64 begin
[2026-04-05T23:24:32.325+08:00] screenshotBase64 end, cost: 20ms
[2026-04-05T23:24:32.543+08:00] mouse move to 638, 514
[2026-04-05T23:24:32.546+08:00] mouse click 638, 514, left, 1
[2026-04-05T23:24:32.855+08:00] waitForNavigation begin at moment afterInvokeAction with timeout: 5000 and actionName: Tap
[2026-04-05T23:24:32.863+08:00] waitForNavigation end
[2026-04-05T23:24:32.863+08:00] screenshotBase64 begin
[2026-04-05T23:24:32.899+08:00] screenshotBase64 end, cost: 36ms
[2026-04-05T23:24:33.443+08:00] screenshotBase64 begin
[2026-04-05T23:24:33.481+08:00] screenshotBase64 end, cost: 38ms
[2026-04-05T23:24:40.057+08:00] screenshotBase64 begin
[2026-04-05T23:24:40.098+08:00] screenshotBase64 end, cost: 41ms
[2026-04-05T23:24:40.660+08:00] screenshotBase64 begin
[2026-04-05T23:24:40.698+08:00] screenshotBase64 end, cost: 38ms
[2026-04-05T23:24:41.136+08:00] mouse move to 638, 429
[2026-04-05T23:24:41.139+08:00] mouse click 638, 429, left, 1
[2026-04-05T23:24:41.451+08:00] waitForNavigation begin at moment afterInvokeAction with timeout: 5000 and actionName: Tap
[2026-04-05T23:24:41.458+08:00] waitForNavigation end
[2026-04-05T23:24:41.458+08:00] screenshotBase64 begin
[2026-04-05T23:24:41.488+08:00] screenshotBase64 end, cost: 30ms
[2026-04-05T23:24:42.072+08:00] screenshotBase64 begin
[2026-04-05T23:24:42.103+08:00] screenshotBase64 end, cost: 31ms
[2026-04-05T23:24:44.499+08:00] screenshotBase64 begin
[2026-04-05T23:24:44.525+08:00] screenshotBase64 end, cost: 26ms
[2026-04-05T23:24:44.984+08:00] screenshotBase64 begin
[2026-04-05T23:24:45.005+08:00] screenshotBase64 end, cost: 21ms
[2026-04-05T23:24:45.400+08:00] mouse move to 936, 691
[2026-04-05T23:24:45.402+08:00] mouse click 936, 691, left, 1
[2026-04-05T23:24:45.715+08:00] waitForNavigation begin at moment afterInvokeAction with timeout: 5000 and actionName: Tap
[2026-04-05T23:24:45.721+08:00] waitForNavigation end
[2026-04-05T23:24:45.721+08:00] screenshotBase64 begin
[2026-04-05T23:24:45.740+08:00] screenshotBase64 end, cost: 19ms
[2026-04-05T23:24:46.197+08:00] screenshotBase64 begin
[2026-04-05T23:24:46.223+08:00] screenshotBase64 end, cost: 26ms
[2026-04-05T23:24:51.169+08:00] screenshotBase64 begin
[2026-04-05T23:24:51.206+08:00] screenshotBase64 end, cost: 37ms
[2026-04-05T23:24:51.791+08:00] screenshotBase64 begin
[2026-04-05T23:24:51.820+08:00] screenshotBase64 end, cost: 29ms
[2026-04-05T23:24:52.279+08:00] mouse move to 638, 514
[2026-04-05T23:24:52.290+08:00] mouse click 638, 514, left, 1
[2026-04-05T23:24:52.609+08:00] waitForNavigation begin at moment afterInvokeAction with timeout: 5000 and actionName: Tap
[2026-04-05T23:24:52.617+08:00] waitForNavigation end
[2026-04-05T23:24:52.617+08:00] screenshotBase64 begin
[2026-04-05T23:24:52.649+08:00] screenshotBase64 end, cost: 32ms
[2026-04-05T23:24:53.253+08:00] screenshotBase64 begin
[2026-04-05T23:24:53.300+08:00] screenshotBase64 end, cost: 47ms
[2026-04-05T23:24:54.859+08:00] screenshotBase64 begin
[2026-04-05T23:24:54.880+08:00] screenshotBase64 end, cost: 21ms
[2026-04-05T23:24:55.439+08:00] screenshotBase64 begin
[2026-04-05T23:24:55.458+08:00] screenshotBase64 end, cost: 19ms
[2026-04-05T23:25:02.182+08:00] screenshotBase64 begin
[2026-04-05T23:25:02.215+08:00] screenshotBase64 end, cost: 33ms
[2026-04-05T23:25:02.815+08:00] screenshotBase64 begin
[2026-04-05T23:25:02.848+08:00] screenshotBase64 end, cost: 33ms
[2026-04-05T23:25:03.300+08:00] mouse move to 638, 429
[2026-04-05T23:25:03.303+08:00] mouse click 638, 429, left, 1
[2026-04-05T23:25:03.612+08:00] waitForNavigation begin at moment afterInvokeAction with timeout: 5000 and actionName: Tap
[2026-04-05T23:25:03.618+08:00] waitForNavigation end
[2026-04-05T23:25:03.618+08:00] screenshotBase64 begin
[2026-04-05T23:25:03.653+08:00] screenshotBase64 end, cost: 35ms
[2026-04-05T23:25:04.274+08:00] screenshotBase64 begin
[2026-04-05T23:25:04.304+08:00] screenshotBase64 end, cost: 30ms
[2026-04-05T23:25:08.921+08:00] screenshotBase64 begin
[2026-04-05T23:25:08.944+08:00] screenshotBase64 end, cost: 23ms
[2026-04-05T23:25:12.141+08:00] screenshotBase64 begin
[2026-04-05T23:25:12.170+08:00] screenshotBase64 end, cost: 29ms
[2026-04-05T23:25:12.817+08:00] screenshotBase64 begin
[2026-04-05T23:25:12.854+08:00] screenshotBase64 end, cost: 37ms
[2026-04-05T23:25:13.331+08:00] mouse move to 638, 514
[2026-04-05T23:25:13.335+08:00] mouse click 638, 514, left, 1
[2026-04-05T23:25:13.643+08:00] waitForNavigation begin at moment afterInvokeAction with timeout: 5000 and actionName: Tap
[2026-04-05T23:25:13.649+08:00] waitForNavigation end
[2026-04-05T23:25:13.649+08:00] screenshotBase64 begin
[2026-04-05T23:25:13.680+08:00] screenshotBase64 end, cost: 31ms
[2026-04-05T23:25:14.320+08:00] screenshotBase64 begin
[2026-04-05T23:25:14.363+08:00] screenshotBase64 end, cost: 43ms
[2026-04-05T23:25:20.496+08:00] screenshotBase64 begin
[2026-04-05T23:25:20.530+08:00] screenshotBase64 end, cost: 34ms
[2026-04-05T23:25:21.190+08:00] screenshotBase64 begin
[2026-04-05T23:25:21.229+08:00] screenshotBase64 end, cost: 39ms
[2026-04-05T23:25:21.709+08:00] mouse move to 638, 429
[2026-04-05T23:25:21.712+08:00] mouse click 638, 429, left, 1
[2026-04-05T23:25:22.020+08:00] waitForNavigation begin at moment afterInvokeAction with timeout: 5000 and actionName: Tap
[2026-04-05T23:25:22.028+08:00] waitForNavigation end
[2026-04-05T23:25:22.028+08:00] screenshotBase64 begin
[2026-04-05T23:25:22.053+08:00] screenshotBase64 end, cost: 25ms
[2026-04-05T23:25:22.736+08:00] screenshotBase64 begin
[2026-04-05T23:25:22.769+08:00] screenshotBase64 end, cost: 33ms
[2026-04-05T23:25:35.515+08:00] screenshotBase64 begin
[2026-04-05T23:25:35.536+08:00] screenshotBase64 end, cost: 21ms
[2026-04-05T23:25:36.219+08:00] screenshotBase64 begin
[2026-04-05T23:25:36.253+08:00] screenshotBase64 end, cost: 34ms
[2026-04-05T23:25:36.752+08:00] mouse move to 638, 514
[2026-04-05T23:25:36.755+08:00] mouse click 638, 514, left, 1
[2026-04-05T23:25:37.068+08:00] waitForNavigation begin at moment afterInvokeAction with timeout: 5000 and actionName: Tap
[2026-04-05T23:25:37.076+08:00] waitForNavigation end
[2026-04-05T23:25:37.076+08:00] screenshotBase64 begin
[2026-04-05T23:25:37.114+08:00] screenshotBase64 end, cost: 38ms
[2026-04-05T23:25:37.801+08:00] screenshotBase64 begin
[2026-04-05T23:25:37.831+08:00] screenshotBase64 end, cost: 30ms
[2026-04-05T23:25:44.453+08:00] screenshotBase64 begin
[2026-04-05T23:25:44.496+08:00] screenshotBase64 end, cost: 43ms
[2026-04-05T23:25:45.203+08:00] screenshotBase64 begin
[2026-04-05T23:25:45.246+08:00] screenshotBase64 end, cost: 43ms
[2026-04-05T23:25:45.744+08:00] mouse move to 638, 429
[2026-04-05T23:25:45.747+08:00] mouse click 638, 429, left, 1
[2026-04-05T23:25:46.054+08:00] waitForNavigation begin at moment afterInvokeAction with timeout: 5000 and actionName: Tap
[2026-04-05T23:25:46.062+08:00] waitForNavigation end
[2026-04-05T23:25:46.062+08:00] screenshotBase64 begin
[2026-04-05T23:25:46.086+08:00] screenshotBase64 end, cost: 24ms
[2026-04-05T23:25:46.820+08:00] screenshotBase64 begin
[2026-04-05T23:25:46.852+08:00] screenshotBase64 end, cost: 32ms
[2026-04-05T23:26:00.695+08:00] screenshotBase64 begin
[2026-04-05T23:26:00.721+08:00] screenshotBase64 end, cost: 26ms
[2026-04-05T23:26:01.505+08:00] screenshotBase64 begin
[2026-04-05T23:26:01.536+08:00] screenshotBase64 end, cost: 31ms
[2026-04-05T23:26:01.913+08:00] screenshotBase64 begin
[2026-04-05T23:26:01.938+08:00] screenshotBase64 end, cost: 25ms
[2026-04-05T23:26:02.173+08:00] mouse move to 638, 514
[2026-04-05T23:26:02.175+08:00] mouse click 638, 514, left, 1
[2026-04-05T23:26:02.487+08:00] waitForNavigation begin at moment afterInvokeAction with timeout: 5000 and actionName: Tap
[2026-04-05T23:26:02.492+08:00] waitForNavigation end
[2026-04-05T23:26:02.493+08:00] screenshotBase64 begin
[2026-04-05T23:26:02.528+08:00] screenshotBase64 end, cost: 35ms
[2026-04-05T23:26:03.327+08:00] screenshotBase64 begin
[2026-04-05T23:26:03.362+08:00] screenshotBase64 end, cost: 35ms
[2026-04-05T23:28:59.541+08:00] evaluate function begin
[2026-04-05T23:28:59.573+08:00] evaluate function end
[2026-04-05T23:28:59.574+08:00] screenshotBase64 begin
[2026-04-05T23:28:59.574+08:00] evaluate function begin
[2026-04-05T23:28:59.611+08:00] evaluate function end
[2026-04-05T23:28:59.611+08:00] screenshotBase64 end, cost: 37ms
[2026-04-05T23:28:59.611+08:00] screenshotBase64 begin
[2026-04-05T23:28:59.600+08:00] evaluate function begin
[2026-04-05T23:28:59.628+08:00] evaluate function end
[2026-04-05T23:28:59.628+08:00] screenshotBase64 begin
[2026-04-05T23:28:59.612+08:00] evaluate function begin
[2026-04-05T23:28:59.649+08:00] screenshotBase64 end, cost: 38ms
[2026-04-05T23:28:59.649+08:00] evaluate function end
[2026-04-05T23:28:59.649+08:00] screenshotBase64 begin
[2026-04-05T23:28:59.680+08:00] screenshotBase64 end, cost: 52ms
[2026-04-05T23:28:59.689+08:00] screenshotBase64 end, cost: 40ms
[2026-04-05T23:29:17.359+08:00] screenshotBase64 begin
[2026-04-05T23:29:17.381+08:00] screenshotBase64 end, cost: 22ms
[2026-04-05T23:29:17.439+08:00] screenshotBase64 begin
[2026-04-05T23:29:17.462+08:00] screenshotBase64 end, cost: 23ms
[2026-04-05T23:29:17.856+08:00] screenshotBase64 begin
[2026-04-05T23:29:17.878+08:00] screenshotBase64 end, cost: 22ms
[2026-04-05T23:29:17.936+08:00] screenshotBase64 begin
[2026-04-05T23:29:17.962+08:00] screenshotBase64 end, cost: 26ms
[2026-04-05T23:29:19.083+08:00] screenshotBase64 begin
[2026-04-05T23:29:19.104+08:00] screenshotBase64 end, cost: 21ms
[2026-04-05T23:29:19.378+08:00] evaluate function begin
[2026-04-05T23:29:19.389+08:00] evaluate function end
[2026-04-05T23:29:19.389+08:00] mouse move to 640, 400
[2026-04-05T23:29:19.396+08:00] mouse wheel 0, 560
[2026-04-05T23:29:20.232+08:00] waitForNavigation begin at moment afterInvokeAction with timeout: 5000 and actionName: Scroll
[2026-04-05T23:29:20.265+08:00] waitForNavigation end
[2026-04-05T23:29:20.265+08:00] screenshotBase64 begin
[2026-04-05T23:29:20.294+08:00] screenshotBase64 end, cost: 29ms
[2026-04-05T23:29:22.325+08:00] screenshotBase64 begin
[2026-04-05T23:29:22.346+08:00] screenshotBase64 end, cost: 21ms
[2026-04-05T23:29:22.639+08:00] evaluate function begin
[2026-04-05T23:29:22.649+08:00] evaluate function end
[2026-04-05T23:29:22.649+08:00] mouse move to 640, 400
[2026-04-05T23:29:22.655+08:00] mouse wheel 0, 560
[2026-04-05T23:29:23.483+08:00] waitForNavigation begin at moment afterInvokeAction with timeout: 5000 and actionName: Scroll
[2026-04-05T23:29:23.513+08:00] waitForNavigation end
[2026-04-05T23:29:23.513+08:00] screenshotBase64 begin
[2026-04-05T23:29:23.545+08:00] screenshotBase64 end, cost: 32ms
[2026-04-05T23:29:30.604+08:00] screenshotBase64 begin
[2026-04-05T23:29:30.628+08:00] screenshotBase64 end, cost: 24ms
[2026-04-05T23:29:30.928+08:00] mouse move to 650, 712
[2026-04-05T23:29:30.943+08:00] mouse click 650, 712, left, 1
[2026-04-05T23:29:31.257+08:00] waitForNavigation begin at moment afterInvokeAction with timeout: 5000 and actionName: Tap
[2026-04-05T23:29:31.287+08:00] waitForNavigation end
[2026-04-05T23:29:31.287+08:00] screenshotBase64 begin
[2026-04-05T23:29:31.329+08:00] screenshotBase64 end, cost: 42ms
[2026-04-05T23:29:33.802+08:00] screenshotBase64 begin
[2026-04-05T23:29:33.827+08:00] screenshotBase64 end, cost: 25ms
[2026-04-05T23:29:34.130+08:00] mouse move to 651, 320
[2026-04-05T23:29:34.144+08:00] mouse click 651, 320, left, 1
[2026-04-05T23:29:34.457+08:00] waitForNavigation begin at moment afterInvokeAction with timeout: 5000 and actionName: Tap
[2026-04-05T23:29:34.487+08:00] waitForNavigation end
[2026-04-05T23:29:34.487+08:00] screenshotBase64 begin
[2026-04-05T23:29:34.513+08:00] screenshotBase64 end, cost: 26ms
[2026-04-05T23:29:36.983+08:00] screenshotBase64 begin
[2026-04-05T23:29:37.009+08:00] screenshotBase64 end, cost: 26ms
[2026-04-05T23:29:37.320+08:00] evaluate function begin
[2026-04-05T23:29:37.324+08:00] evaluate function end
[2026-04-05T23:29:37.324+08:00] mouse move to 640, 200
[2026-04-05T23:29:37.328+08:00] mouse wheel 0, -560
[2026-04-05T23:29:37.996+08:00] screenshotBase64 begin
[2026-04-05T23:29:38.019+08:00] screenshotBase64 end, cost: 23ms
[2026-04-05T23:29:38.170+08:00] waitForNavigation begin at moment afterInvokeAction with timeout: 5000 and actionName: Scroll
[2026-04-05T23:29:38.179+08:00] waitForNavigation end
[2026-04-05T23:29:38.179+08:00] screenshotBase64 begin
[2026-04-05T23:29:38.201+08:00] screenshotBase64 end, cost: 22ms
[2026-04-05T23:29:38.331+08:00] mouse move to 992, 526
[2026-04-05T23:29:38.335+08:00] mouse click 992, 526, left, 1
[2026-04-05T23:29:38.660+08:00] waitForNavigation begin at moment afterInvokeAction with timeout: 5000 and actionName: Tap
[2026-04-05T23:29:38.671+08:00] waitForNavigation end
[2026-04-05T23:29:38.671+08:00] screenshotBase64 begin
[2026-04-05T23:29:38.692+08:00] screenshotBase64 end, cost: 21ms
[2026-04-05T23:29:43.751+08:00] screenshotBase64 begin
[2026-04-05T23:29:43.775+08:00] screenshotBase64 end, cost: 24ms
[2026-04-05T23:29:43.875+08:00] screenshotBase64 begin
[2026-04-05T23:29:43.895+08:00] screenshotBase64 end, cost: 20ms
[2026-04-05T23:29:45.108+08:00] screenshotBase64 begin
[2026-04-05T23:29:45.143+08:00] screenshotBase64 end, cost: 35ms
[2026-04-05T23:29:45.263+08:00] screenshotBase64 begin
[2026-04-05T23:29:45.290+08:00] screenshotBase64 end, cost: 27ms
[2026-04-05T23:29:45.351+08:00] screenshotBase64 begin
[2026-04-05T23:29:45.371+08:00] screenshotBase64 end, cost: 20ms
[2026-04-05T23:29:45.480+08:00] screenshotBase64 begin
[2026-04-05T23:29:45.500+08:00] screenshotBase64 end, cost: 20ms
[2026-04-05T23:29:53.958+08:00] screenshotBase64 begin
[2026-04-05T23:29:53.994+08:00] screenshotBase64 end, cost: 36ms
[2026-04-05T23:29:54.348+08:00] mouse move to 640, 393
[2026-04-05T23:29:54.352+08:00] mouse click 640, 393, left, 1
[2026-04-05T23:29:54.662+08:00] waitForNavigation begin at moment afterInvokeAction with timeout: 5000 and actionName: Tap
[2026-04-05T23:29:54.672+08:00] waitForNavigation end
[2026-04-05T23:29:54.672+08:00] screenshotBase64 begin
[2026-04-05T23:29:54.709+08:00] screenshotBase64 end, cost: 37ms
[2026-04-05T23:29:57.337+08:00] screenshotBase64 begin
[2026-04-05T23:29:57.362+08:00] screenshotBase64 end, cost: 25ms
[2026-04-05T23:30:01.007+08:00] screenshotBase64 begin
[2026-04-05T23:30:01.044+08:00] screenshotBase64 end, cost: 37ms
[2026-04-05T23:30:01.371+08:00] keyboard type Midscene 测试人
[2026-04-05T23:30:02.806+08:00] waitForNavigation begin at moment afterInvokeAction with timeout: 5000 and actionName: Input
[2026-04-05T23:30:02.815+08:00] waitForNavigation end
[2026-04-05T23:30:02.815+08:00] screenshotBase64 begin
[2026-04-05T23:30:02.841+08:00] screenshotBase64 end, cost: 26ms
[2026-04-05T23:30:04.574+08:00] screenshotBase64 begin
[2026-04-05T23:30:04.598+08:00] screenshotBase64 end, cost: 24ms
[2026-04-05T23:30:04.943+08:00] mouse move to 960, 644
[2026-04-05T23:30:04.947+08:00] mouse click 960, 644, left, 1
[2026-04-05T23:30:05.252+08:00] waitForNavigation begin at moment afterInvokeAction with timeout: 5000 and actionName: Tap
[2026-04-05T23:30:05.263+08:00] waitForNavigation end
[2026-04-05T23:30:05.263+08:00] screenshotBase64 begin
[2026-04-05T23:30:05.284+08:00] screenshotBase64 end, cost: 21ms
[2026-04-05T23:30:17.783+08:00] screenshotBase64 begin
[2026-04-05T23:30:17.810+08:00] screenshotBase64 end, cost: 27ms
[2026-04-05T23:30:17.993+08:00] screenshotBase64 begin
[2026-04-05T23:30:18.023+08:00] screenshotBase64 end, cost: 30ms
[2026-04-05T23:30:21.631+08:00] screenshotBase64 begin
[2026-04-05T23:30:21.650+08:00] screenshotBase64 end, cost: 19ms
[2026-04-05T23:30:22.021+08:00] mouse move to 448, 644
[2026-04-05T23:30:22.024+08:00] mouse click 448, 644, left, 1
[2026-04-05T23:30:22.336+08:00] waitForNavigation begin at moment afterInvokeAction with timeout: 5000 and actionName: Tap
[2026-04-05T23:30:22.345+08:00] waitForNavigation end
[2026-04-05T23:30:22.345+08:00] screenshotBase64 begin
[2026-04-05T23:30:22.365+08:00] screenshotBase64 end, cost: 20ms
[2026-04-05T23:30:31.494+08:00] screenshotBase64 begin
[2026-04-05T23:30:31.526+08:00] screenshotBase64 end, cost: 32ms
[2026-04-05T23:30:31.945+08:00] mouse move to 640, 448
[2026-04-05T23:30:31.948+08:00] mouse click 640, 448, left, 1
[2026-04-05T23:30:32.256+08:00] waitForNavigation begin at moment afterInvokeAction with timeout: 5000 and actionName: Tap
[2026-04-05T23:30:32.265+08:00] waitForNavigation end
[2026-04-05T23:30:32.265+08:00] screenshotBase64 begin
[2026-04-05T23:30:32.292+08:00] screenshotBase64 end, cost: 27ms
[2026-04-05T23:30:36.394+08:00] screenshotBase64 begin
[2026-04-05T23:30:36.417+08:00] screenshotBase64 end, cost: 23ms
[2026-04-05T23:30:36.827+08:00] mouse move to 448, 644
[2026-04-05T23:30:36.830+08:00] mouse click 448, 644, left, 1
[2026-04-05T23:30:37.139+08:00] waitForNavigation begin at moment afterInvokeAction with timeout: 5000 and actionName: Tap
[2026-04-05T23:30:37.147+08:00] waitForNavigation end
[2026-04-05T23:30:37.147+08:00] screenshotBase64 begin
[2026-04-05T23:30:37.165+08:00] screenshotBase64 end, cost: 18ms
[2026-04-05T23:30:40.184+08:00] screenshotBase64 begin
[2026-04-05T23:30:40.208+08:00] screenshotBase64 end, cost: 24ms
[2026-04-05T23:30:40.601+08:00] keyboard type midscene@test.com
[2026-04-05T23:30:42.503+08:00] waitForNavigation begin at moment afterInvokeAction with timeout: 5000 and actionName: Input
[2026-04-05T23:30:42.511+08:00] waitForNavigation end
[2026-04-05T23:30:42.511+08:00] screenshotBase64 begin
[2026-04-05T23:30:42.541+08:00] screenshotBase64 end, cost: 30ms
[2026-04-05T23:30:50.341+08:00] screenshotBase64 begin
[2026-04-05T23:30:50.377+08:00] screenshotBase64 end, cost: 36ms
[2026-04-05T23:30:50.607+08:00] screenshotBase64 begin
[2026-04-05T23:30:50.639+08:00] screenshotBase64 end, cost: 32ms
[2026-04-05T23:30:58.559+08:00] screenshotBase64 begin
[2026-04-05T23:30:58.589+08:00] screenshotBase64 end, cost: 30ms
[2026-04-05T23:30:59.081+08:00] mouse move to 813, 472
[2026-04-05T23:30:59.084+08:00] mouse click 813, 472, left, 1
[2026-04-05T23:30:59.396+08:00] waitForNavigation begin at moment afterInvokeAction with timeout: 5000 and actionName: Tap
[2026-04-05T23:30:59.405+08:00] waitForNavigation end
[2026-04-05T23:30:59.406+08:00] screenshotBase64 begin
[2026-04-05T23:30:59.428+08:00] screenshotBase64 end, cost: 22ms
[2026-04-05T23:30:59.626+08:00] screenshotBase64 begin
[2026-04-05T23:30:59.648+08:00] screenshotBase64 end, cost: 22ms
[2026-04-05T23:31:00.132+08:00] mouse move to 448, 644
[2026-04-05T23:31:00.135+08:00] mouse click 448, 644, left, 1
[2026-04-05T23:31:00.447+08:00] waitForNavigation begin at moment afterInvokeAction with timeout: 5000 and actionName: Tap
[2026-04-05T23:31:00.455+08:00] waitForNavigation end
[2026-04-05T23:31:00.455+08:00] screenshotBase64 begin
[2026-04-05T23:31:00.474+08:00] screenshotBase64 end, cost: 19ms
[2026-04-05T23:31:14.839+08:00] screenshotBase64 begin
[2026-04-05T23:31:14.861+08:00] screenshotBase64 end, cost: 22ms
[2026-04-05T23:31:15.344+08:00] mouse move to 448, 644
[2026-04-05T23:31:15.347+08:00] mouse click 448, 644, left, 1
[2026-04-05T23:31:15.657+08:00] waitForNavigation begin at moment afterInvokeAction with timeout: 5000 and actionName: Tap
[2026-04-05T23:31:15.665+08:00] waitForNavigation end
[2026-04-05T23:31:15.666+08:00] screenshotBase64 begin
[2026-04-05T23:31:15.690+08:00] screenshotBase64 end, cost: 24ms
[2026-04-05T23:31:22.729+08:00] screenshotBase64 begin
[2026-04-05T23:31:22.759+08:00] screenshotBase64 end, cost: 30ms
[2026-04-05T23:31:23.024+08:00] screenshotBase64 begin
[2026-04-05T23:31:23.043+08:00] screenshotBase64 end, cost: 19ms
[2026-04-05T23:31:29.703+08:00] screenshotBase64 begin
[2026-04-05T23:31:29.724+08:00] screenshotBase64 end, cost: 21ms
[2026-04-05T23:31:30.215+08:00] mouse move to 448, 644
[2026-04-05T23:31:30.218+08:00] mouse click 448, 644, left, 1
[2026-04-05T23:31:30.532+08:00] waitForNavigation begin at moment afterInvokeAction with timeout: 5000 and actionName: Tap
[2026-04-05T23:31:30.541+08:00] waitForNavigation end
[2026-04-05T23:31:30.541+08:00] screenshotBase64 begin
[2026-04-05T23:31:30.561+08:00] screenshotBase64 end, cost: 20ms
[2026-04-05T23:31:34.875+08:00] screenshotBase64 begin
[2026-04-05T23:31:34.898+08:00] screenshotBase64 end, cost: 23ms
[2026-04-05T23:31:35.148+08:00] screenshotBase64 begin
[2026-04-05T23:31:35.173+08:00] screenshotBase64 end, cost: 25ms
[2026-04-05T23:31:43.826+08:00] screenshotBase64 begin
[2026-04-05T23:31:43.849+08:00] screenshotBase64 end, cost: 23ms
[2026-04-05T23:31:44.361+08:00] mouse move to 448, 644
[2026-04-05T23:31:44.364+08:00] mouse click 448, 644, left, 1
[2026-04-05T23:31:44.672+08:00] waitForNavigation begin at moment afterInvokeAction with timeout: 5000 and actionName: Tap
[2026-04-05T23:31:44.683+08:00] waitForNavigation end
[2026-04-05T23:31:44.683+08:00] screenshotBase64 begin
[2026-04-05T23:31:44.704+08:00] screenshotBase64 end, cost: 21ms
[2026-04-05T23:31:51.475+08:00] screenshotBase64 begin
[2026-04-05T23:31:51.497+08:00] screenshotBase64 end, cost: 22ms
[2026-04-05T23:31:51.871+08:00] screenshotBase64 begin
[2026-04-05T23:31:51.890+08:00] screenshotBase64 end, cost: 19ms
[2026-04-05T23:31:52.120+08:00] mouse move to 902, 691
[2026-04-05T23:31:52.124+08:00] mouse click 902, 691, left, 1
[2026-04-05T23:31:52.447+08:00] waitForNavigation begin at moment afterInvokeAction with timeout: 5000 and actionName: Tap
[2026-04-05T23:31:52.453+08:00] waitForNavigation end
[2026-04-05T23:31:52.453+08:00] screenshotBase64 begin
[2026-04-05T23:31:52.487+08:00] screenshotBase64 end, cost: 34ms
[2026-04-05T23:31:53.767+08:00] screenshotBase64 begin
[2026-04-05T23:31:53.789+08:00] screenshotBase64 end, cost: 22ms
[2026-04-05T23:31:54.129+08:00] screenshotBase64 begin
[2026-04-05T23:31:54.155+08:00] screenshotBase64 end, cost: 26ms
[2026-04-05T23:31:54.379+08:00] mouse move to 448, 644
[2026-04-05T23:31:54.382+08:00] mouse click 448, 644, left, 1
[2026-04-05T23:31:54.687+08:00] waitForNavigation begin at moment afterInvokeAction with timeout: 5000 and actionName: Tap
[2026-04-05T23:31:54.695+08:00] waitForNavigation end
[2026-04-05T23:31:54.696+08:00] screenshotBase64 begin
[2026-04-05T23:31:54.722+08:00] screenshotBase64 end, cost: 26ms
[2026-04-05T23:31:59.773+08:00] screenshotBase64 begin
[2026-04-05T23:31:59.806+08:00] screenshotBase64 end, cost: 33ms
[2026-04-05T23:32:00.141+08:00] screenshotBase64 begin
[2026-04-05T23:32:00.170+08:00] screenshotBase64 end, cost: 29ms
[2026-04-05T23:32:06.545+08:00] screenshotBase64 begin
[2026-04-05T23:32:06.571+08:00] screenshotBase64 end, cost: 26ms
[2026-04-05T23:32:06.978+08:00] screenshotBase64 begin
[2026-04-05T23:32:07.005+08:00] screenshotBase64 end, cost: 27ms
[2026-04-05T23:32:07.235+08:00] mouse move to 448, 644
[2026-04-05T23:32:07.238+08:00] mouse click 448, 644, left, 1
[2026-04-05T23:32:07.547+08:00] waitForNavigation begin at moment afterInvokeAction with timeout: 5000 and actionName: Tap
[2026-04-05T23:32:07.557+08:00] waitForNavigation end
[2026-04-05T23:32:07.557+08:00] screenshotBase64 begin
[2026-04-05T23:32:07.577+08:00] screenshotBase64 end, cost: 20ms
[2026-04-05T23:32:10.290+08:00] screenshotBase64 begin
[2026-04-05T23:32:10.322+08:00] screenshotBase64 end, cost: 32ms
[2026-04-05T23:32:10.733+08:00] screenshotBase64 begin
[2026-04-05T23:32:10.758+08:00] screenshotBase64 end, cost: 25ms
[2026-04-05T23:32:10.989+08:00] mouse move to 638, 392
[2026-04-05T23:32:10.992+08:00] mouse click 638, 392, left, 1
[2026-04-05T23:32:11.301+08:00] waitForNavigation begin at moment afterInvokeAction with timeout: 5000 and actionName: Tap
[2026-04-05T23:32:11.310+08:00] waitForNavigation end
[2026-04-05T23:32:11.311+08:00] screenshotBase64 begin
[2026-04-05T23:32:11.337+08:00] screenshotBase64 end, cost: 26ms
[2026-04-05T23:32:27.613+08:00] screenshotBase64 begin
[2026-04-05T23:32:27.638+08:00] screenshotBase64 end, cost: 25ms
[2026-04-05T23:32:27.957+08:00] screenshotBase64 begin
[2026-04-05T23:32:27.986+08:00] screenshotBase64 end, cost: 29ms
[2026-04-05T23:32:28.338+08:00] clearInput begin
[2026-04-05T23:32:28.338+08:00] mouse move to 638, 392
[2026-04-05T23:32:28.341+08:00] mouse click 638, 392, left, 1
[2026-04-05T23:32:28.460+08:00] keyboard press [ { key: 'Backspace' } ]
[2026-04-05T23:32:28.471+08:00] clearInput end
[2026-04-05T23:32:28.471+08:00] keyboard type Midscene 已修改
[2026-04-05T23:32:29.655+08:00] screenshotBase64 begin
[2026-04-05T23:32:29.679+08:00] screenshotBase64 end, cost: 24ms
[2026-04-05T23:32:29.918+08:00] waitForNavigation begin at moment afterInvokeAction with timeout: 5000 and actionName: Input
[2026-04-05T23:32:29.927+08:00] waitForNavigation end
[2026-04-05T23:32:29.928+08:00] screenshotBase64 begin
[2026-04-05T23:32:29.957+08:00] screenshotBase64 end, cost: 29ms
[2026-04-05T23:32:30.002+08:00] screenshotBase64 begin
[2026-04-05T23:32:30.026+08:00] screenshotBase64 end, cost: 24ms
[2026-04-05T23:32:30.332+08:00] screenshotBase64 begin
[2026-04-05T23:32:30.353+08:00] screenshotBase64 end, cost: 21ms
[2026-04-05T23:32:30.405+08:00] mouse move to 448, 644
[2026-04-05T23:32:30.407+08:00] mouse click 448, 644, left, 1
[2026-04-05T23:32:30.719+08:00] waitForNavigation begin at moment afterInvokeAction with timeout: 5000 and actionName: Tap
[2026-04-05T23:32:30.726+08:00] waitForNavigation end
[2026-04-05T23:32:30.726+08:00] screenshotBase64 begin
[2026-04-05T23:32:30.745+08:00] screenshotBase64 end, cost: 19ms
[2026-04-05T23:32:31.075+08:00] screenshotBase64 begin
[2026-04-05T23:32:31.105+08:00] screenshotBase64 end, cost: 30ms
[2026-04-05T23:32:37.118+08:00] screenshotBase64 begin
[2026-04-05T23:32:37.156+08:00] screenshotBase64 end, cost: 38ms
[2026-04-05T23:32:37.572+08:00] screenshotBase64 begin
[2026-04-05T23:32:37.602+08:00] screenshotBase64 end, cost: 30ms
[2026-04-05T23:32:40.942+08:00] screenshotBase64 begin
[2026-04-05T23:32:40.961+08:00] screenshotBase64 end, cost: 19ms
[2026-04-05T23:32:41.303+08:00] screenshotBase64 begin
[2026-04-05T23:32:41.322+08:00] screenshotBase64 end, cost: 19ms
[2026-04-05T23:32:41.671+08:00] mouse move to 448, 644
[2026-04-05T23:32:41.674+08:00] mouse click 448, 644, left, 1
[2026-04-05T23:32:41.984+08:00] waitForNavigation begin at moment afterInvokeAction with timeout: 5000 and actionName: Tap
[2026-04-05T23:32:41.991+08:00] waitForNavigation end
[2026-04-05T23:32:41.991+08:00] screenshotBase64 begin
[2026-04-05T23:32:42.009+08:00] screenshotBase64 end, cost: 18ms
[2026-04-05T23:32:42.350+08:00] screenshotBase64 begin
[2026-04-05T23:32:42.371+08:00] screenshotBase64 end, cost: 21ms
[2026-04-05T23:32:44.755+08:00] screenshotBase64 begin
[2026-04-05T23:32:44.784+08:00] screenshotBase64 end, cost: 29ms
[2026-04-05T23:32:45.138+08:00] screenshotBase64 begin
[2026-04-05T23:32:45.170+08:00] screenshotBase64 end, cost: 31ms
[2026-04-05T23:32:45.537+08:00] mouse move to 811, 471
[2026-04-05T23:32:45.540+08:00] mouse click 811, 471, left, 1
[2026-04-05T23:32:45.848+08:00] waitForNavigation begin at moment afterInvokeAction with timeout: 5000 and actionName: Tap
[2026-04-05T23:32:45.856+08:00] waitForNavigation end
[2026-04-05T23:32:45.856+08:00] screenshotBase64 begin
[2026-04-05T23:32:45.878+08:00] screenshotBase64 end, cost: 22ms
[2026-04-05T23:32:46.247+08:00] screenshotBase64 begin
[2026-04-05T23:32:46.270+08:00] screenshotBase64 end, cost: 23ms
[2026-04-05T23:32:54.148+08:00] screenshotBase64 begin
[2026-04-05T23:32:54.168+08:00] screenshotBase64 end, cost: 20ms
[2026-04-05T23:32:54.509+08:00] screenshotBase64 begin
[2026-04-05T23:32:54.528+08:00] screenshotBase64 end, cost: 19ms
[2026-04-05T23:32:54.886+08:00] mouse move to 448, 644
[2026-04-05T23:32:54.888+08:00] mouse click 448, 644, left, 1
[2026-04-05T23:32:55.195+08:00] waitForNavigation begin at moment afterInvokeAction with timeout: 5000 and actionName: Tap
[2026-04-05T23:32:55.202+08:00] waitForNavigation end
[2026-04-05T23:32:55.202+08:00] screenshotBase64 begin
[2026-04-05T23:32:55.221+08:00] screenshotBase64 end, cost: 19ms
[2026-04-05T23:32:55.596+08:00] screenshotBase64 begin
[2026-04-05T23:32:55.621+08:00] screenshotBase64 end, cost: 25ms
[2026-04-05T23:32:57.265+08:00] screenshotBase64 begin
[2026-04-05T23:32:57.288+08:00] screenshotBase64 end, cost: 23ms
[2026-04-05T23:32:57.744+08:00] screenshotBase64 begin
[2026-04-05T23:32:57.769+08:00] screenshotBase64 end, cost: 25ms
[2026-04-05T23:33:09.675+08:00] screenshotBase64 begin
[2026-04-05T23:33:09.695+08:00] screenshotBase64 end, cost: 20ms
[2026-04-05T23:33:10.066+08:00] screenshotBase64 begin
[2026-04-05T23:33:10.085+08:00] screenshotBase64 end, cost: 19ms
[2026-04-05T23:33:10.456+08:00] mouse move to 448, 644
[2026-04-05T23:33:10.458+08:00] mouse click 448, 644, left, 1
[2026-04-05T23:33:10.771+08:00] waitForNavigation begin at moment afterInvokeAction with timeout: 5000 and actionName: Tap
[2026-04-05T23:33:10.777+08:00] waitForNavigation end
[2026-04-05T23:33:10.777+08:00] screenshotBase64 begin
[2026-04-05T23:33:10.801+08:00] screenshotBase64 end, cost: 24ms
[2026-04-05T23:33:11.200+08:00] screenshotBase64 begin
[2026-04-05T23:33:11.220+08:00] screenshotBase64 end, cost: 20ms
[2026-04-05T23:33:11.353+08:00] screenshotBase64 begin
[2026-04-05T23:33:11.375+08:00] screenshotBase64 end, cost: 22ms
[2026-04-05T23:33:11.772+08:00] screenshotBase64 begin
[2026-04-05T23:33:11.790+08:00] screenshotBase64 end, cost: 18ms
